CHUNK_PROGRESS chunk=1 manifest_index=1 attempted=1
RLAOPT_GIT_COMMIT=772f73321328a29689deddfceeb9a7c26ae13159
RLAOPT_GIT_DIRTY=0
RLAOPT_CUDA_IMAGE_SHA256=b54e5e682a428d9dadd7cbd906f64a8e826daf414aa81997eaa600cb84fe891e
wandb: WARNING `resume` will be ignored since W&B syncing is set to `offline`. Starting a new run with run id 345617a0c1175e4bbe9e52c0674c57ec.
wandb: Tracking run with wandb version 0.29.0
wandb: W&B syncing is set to `offline` in this directory. Run `wandb online` or set WANDB_MODE=online to enable cloud syncing.
wandb: Run data is saved locally in /sailhome/pratikr/rlaopt-experiments/artifacts/production-20260831/wandb/offline-run-20260831_115131-345617a0c1175e4bbe9e52c0674c57ec
wandb: View this run in the terminal with `wandb leet`
wandb: 
wandb: Run history:
wandb:            summary/relative_kkt ▁
wandb: summary/relative_solution_error ▁
wandb:         summary/runtime_seconds ▁
wandb:                 summary/success ▁
wandb: 
wandb: Run summary:
wandb:            summary/relative_kkt 0.0
wandb: summary/relative_solution_error 0.0
wandb:         summary/runtime_seconds 0.46727
wandb:                 summary/success 1
wandb: 
wandb: You can sync this run to the cloud by running:
wandb: wandb sync /sailhome/pratikr/rlaopt-experiments/artifacts/production-20260831/wandb/offline-run-20260831_115131-345617a0c1175e4bbe9e52c0674c57ec
wandb: Find logs at: ./artifacts/production-20260831/wandb/offline-run-20260831_115131-345617a0c1175e4bbe9e52c0674c57ec/logs
wandb: WARNING `resume` will be ignored since W&B syncing is set to `offline`. Starting a new run with run id 2292f3da659a5e86b40b378193098a29.
wandb: Tracking run with wandb version 0.29.0
wandb: W&B syncing is set to `offline` in this directory. Run `wandb online` or set WANDB_MODE=online to enable cloud syncing.
wandb: Run data is saved locally in /sailhome/pratikr/rlaopt-experiments/artifacts/production-20260831/wandb/offline-run-20260831_115133-2292f3da659a5e86b40b378193098a29
wandb: View this run in the terminal with `wandb leet`
wandb: 
wandb: Run history:
wandb:            summary/relative_kkt ▁
wandb: summary/relative_solution_error ▁
wandb:         summary/runtime_seconds ▁
wandb:                 summary/success ▁
wandb: 
wandb: Run summary:
wandb:            summary/relative_kkt 0.0
wandb: summary/relative_solution_error 0.0
wandb:         summary/runtime_seconds 0.28352
wandb:                 summary/success 1
wandb: 
wandb: You can sync this run to the cloud by running:
wandb: wandb sync /sailhome/pratikr/rlaopt-experiments/artifacts/production-20260831/wandb/offline-run-20260831_115133-2292f3da659a5e86b40b378193098a29
wandb: Find logs at: ./artifacts/production-20260831/wandb/offline-run-20260831_115133-2292f3da659a5e86b40b378193098a29/logs
wandb: WARNING `resume` will be ignored since W&B syncing is set to `offline`. Starting a new run with run id 62e7d579259657fa80515acb28f054f1.
wandb: Tracking run with wandb version 0.29.0
wandb: W&B syncing is set to `offline` in this directory. Run `wandb online` or set WANDB_MODE=online to enable cloud syncing.
wandb: Run data is saved locally in /sailhome/pratikr/rlaopt-experiments/artifacts/production-20260831/wandb/offline-run-20260831_115133-62e7d579259657fa80515acb28f054f1
wandb: View this run in the terminal with `wandb leet`
wandb: 
wandb: Run history:
wandb:            summary/relative_kkt ▁
wandb: summary/relative_solution_error ▁
wandb:         summary/runtime_seconds ▁
wandb:                 summary/success ▁
wandb: 
wandb: Run summary:
wandb:            summary/relative_kkt 0.0
wandb: summary/relative_solution_error 0.0
wandb:         summary/runtime_seconds 0.26464
wandb:                 summary/success 1
wandb: 
wandb: You can sync this run to the cloud by running:
wandb: wandb sync /sailhome/pratikr/rlaopt-experiments/artifacts/production-20260831/wandb/offline-run-20260831_115133-62e7d579259657fa80515acb28f054f1
wandb: Find logs at: ./artifacts/production-20260831/wandb/offline-run-20260831_115133-62e7d579259657fa80515acb28f054f1/logs
CHUNK_PROGRESS chunk=1 manifest_index=7 attempted=2
RLAOPT_GIT_COMMIT=772f73321328a29689deddfceeb9a7c26ae13159
RLAOPT_GIT_DIRTY=0
RLAOPT_CUDA_IMAGE_SHA256=b54e5e682a428d9dadd7cbd906f64a8e826daf414aa81997eaa600cb84fe891e
wandb: WARNING `resume` will be ignored since W&B syncing is set to `offline`. Starting a new run with run id 6fc3a9baeabc5fb7a499d9b0dc3a03e2.
wandb: Tracking run with wandb version 0.29.0
wandb: W&B syncing is set to `offline` in this directory. Run `wandb online` or set WANDB_MODE=online to enable cloud syncing.
wandb: Run data is saved locally in /sailhome/pratikr/rlaopt-experiments/artifacts/production-20260831/wandb/offline-run-20260831_115149-6fc3a9baeabc5fb7a499d9b0dc3a03e2
wandb: View this run in the terminal with `wandb leet`
wandb: 
wandb: Run history:
wandb:            summary/relative_kkt ▁
wandb: summary/relative_solution_error ▁
wandb:         summary/runtime_seconds ▁
wandb:                 summary/success ▁
wandb: 
wandb: Run summary:
wandb:            summary/relative_kkt 0.0
wandb: summary/relative_solution_error 0.0
wandb:         summary/runtime_seconds 0.0296
wandb:                 summary/success 1
wandb: 
wandb: You can sync this run to the cloud by running:
wandb: wandb sync /sailhome/pratikr/rlaopt-experiments/artifacts/production-20260831/wandb/offline-run-20260831_115149-6fc3a9baeabc5fb7a499d9b0dc3a03e2
wandb: Find logs at: ./artifacts/production-20260831/wandb/offline-run-20260831_115149-6fc3a9baeabc5fb7a499d9b0dc3a03e2/logs
wandb: WARNING `resume` will be ignored since W&B syncing is set to `offline`. Starting a new run with run id be23e91fd12f5d3481f63ba44805664d.
wandb: Tracking run with wandb version 0.29.0
wandb: W&B syncing is set to `offline` in this directory. Run `wandb online` or set WANDB_MODE=online to enable cloud syncing.
wandb: Run data is saved locally in /sailhome/pratikr/rlaopt-experiments/artifacts/production-20260831/wandb/offline-run-20260831_115151-be23e91fd12f5d3481f63ba44805664d
wandb: View this run in the terminal with `wandb leet`
wandb: 
wandb: Run history:
wandb:            summary/relative_kkt ▁
wandb: summary/relative_solution_error ▁
wandb:         summary/runtime_seconds ▁
wandb:                 summary/success ▁
wandb: 
wandb: Run summary:
wandb:            summary/relative_kkt 0.0
wandb: summary/relative_solution_error 0.0
wandb:         summary/runtime_seconds 0.02787
wandb:                 summary/success 1
wandb: 
wandb: You can sync this run to the cloud by running:
wandb: wandb sync /sailhome/pratikr/rlaopt-experiments/artifacts/production-20260831/wandb/offline-run-20260831_115151-be23e91fd12f5d3481f63ba44805664d
wandb: Find logs at: ./artifacts/production-20260831/wandb/offline-run-20260831_115151-be23e91fd12f5d3481f63ba44805664d/logs
wandb: WARNING `resume` will be ignored since W&B syncing is set to `offline`. Starting a new run with run id 59e45d44b1b65cd98ae17a4bde3956a2.
wandb: Tracking run with wandb version 0.29.0
wandb: W&B syncing is set to `offline` in this directory. Run `wandb online` or set WANDB_MODE=online to enable cloud syncing.
wandb: Run data is saved locally in /sailhome/pratikr/rlaopt-experiments/artifacts/production-20260831/wandb/offline-run-20260831_115151-59e45d44b1b65cd98ae17a4bde3956a2
wandb: View this run in the terminal with `wandb leet`
wandb: 
wandb: Run history:
wandb:            summary/relative_kkt ▁
wandb: summary/relative_solution_error ▁
wandb:         summary/runtime_seconds ▁
wandb:                 summary/success ▁
wandb: 
wandb: Run summary:
wandb:            summary/relative_kkt 0.0
wandb: summary/relative_solution_error 0.0
wandb:         summary/runtime_seconds 0.0273
wandb:                 summary/success 1
wandb: 
wandb: You can sync this run to the cloud by running:
wandb: wandb sync /sailhome/pratikr/rlaopt-experiments/artifacts/production-20260831/wandb/offline-run-20260831_115151-59e45d44b1b65cd98ae17a4bde3956a2
wandb: Find logs at: ./artifacts/production-20260831/wandb/offline-run-20260831_115151-59e45d44b1b65cd98ae17a4bde3956a2/logs
CHUNK_PROGRESS chunk=1 manifest_index=13 attempted=3
RLAOPT_GIT_COMMIT=772f73321328a29689deddfceeb9a7c26ae13159
RLAOPT_GIT_DIRTY=0
RLAOPT_CUDA_IMAGE_SHA256=b54e5e682a428d9dadd7cbd906f64a8e826daf414aa81997eaa600cb84fe891e
wandb: WARNING `resume` will be ignored since W&B syncing is set to `offline`. Starting a new run with run id 1b01b13c77125795b1e62d680dd106ce.
wandb: Tracking run with wandb version 0.29.0
wandb: W&B syncing is set to `offline` in this directory. Run `wandb online` or set WANDB_MODE=online to enable cloud syncing.
wandb: Run data is saved locally in /sailhome/pratikr/rlaopt-experiments/artifacts/production-20260831/wandb/offline-run-20260831_115209-1b01b13c77125795b1e62d680dd106ce
wandb: View this run in the terminal with `wandb leet`
wandb: 
wandb: Run history:
wandb:            summary/relative_kkt ▁
wandb: summary/relative_solution_error ▁
wandb:         summary/runtime_seconds ▁
wandb:                 summary/success ▁
wandb: 
wandb: Run summary:
wandb:            summary/relative_kkt 0.0
wandb: summary/relative_solution_error 0.0
wandb:         summary/runtime_seconds 0.46572
wandb:                 summary/success 1
wandb: 
wandb: You can sync this run to the cloud by running:
wandb: wandb sync /sailhome/pratikr/rlaopt-experiments/artifacts/production-20260831/wandb/offline-run-20260831_115209-1b01b13c77125795b1e62d680dd106ce
wandb: Find logs at: ./artifacts/production-20260831/wandb/offline-run-20260831_115209-1b01b13c77125795b1e62d680dd106ce/logs
wandb: WARNING `resume` will be ignored since W&B syncing is set to `offline`. Starting a new run with run id f2f9aa1e64cd5b0fadcecbbb81fa7728.
wandb: Tracking run with wandb version 0.29.0
wandb: W&B syncing is set to `offline` in this directory. Run `wandb online` or set WANDB_MODE=online to enable cloud syncing.
wandb: Run data is saved locally in /sailhome/pratikr/rlaopt-experiments/artifacts/production-20260831/wandb/offline-run-20260831_115211-f2f9aa1e64cd5b0fadcecbbb81fa7728
wandb: View this run in the terminal with `wandb leet`
wandb: 
wandb: Run history:
wandb:            summary/relative_kkt ▁
wandb: summary/relative_solution_error ▁
wandb:         summary/runtime_seconds ▁
wandb:                 summary/success ▁
wandb: 
wandb: Run summary:
wandb:            summary/relative_kkt 0.0
wandb: summary/relative_solution_error 0.0
wandb:         summary/runtime_seconds 0.0124
wandb:                 summary/success 1
wandb: 
wandb: You can sync this run to the cloud by running:
wandb: wandb sync /sailhome/pratikr/rlaopt-experiments/artifacts/production-20260831/wandb/offline-run-20260831_115211-f2f9aa1e64cd5b0fadcecbbb81fa7728
wandb: Find logs at: ./artifacts/production-20260831/wandb/offline-run-20260831_115211-f2f9aa1e64cd5b0fadcecbbb81fa7728/logs
wandb: WARNING `resume` will be ignored since W&B syncing is set to `offline`. Starting a new run with run id 7fca86e5b9db573dbe1692c551e9003d.
wandb: Tracking run with wandb version 0.29.0
wandb: W&B syncing is set to `offline` in this directory. Run `wandb online` or set WANDB_MODE=online to enable cloud syncing.
wandb: Run data is saved locally in /sailhome/pratikr/rlaopt-experiments/artifacts/production-20260831/wandb/offline-run-20260831_115211-7fca86e5b9db573dbe1692c551e9003d
wandb: View this run in the terminal with `wandb leet`
wandb: 
wandb: Run history:
wandb:            summary/relative_kkt ▁
wandb: summary/relative_solution_error ▁
wandb:         summary/runtime_seconds ▁
wandb:                 summary/success ▁
wandb: 
wandb: Run summary:
wandb:            summary/relative_kkt 0.0
wandb: summary/relative_solution_error 0.0
wandb:         summary/runtime_seconds 0.0589
wandb:                 summary/success 1
wandb: 
wandb: You can sync this run to the cloud by running:
wandb: wandb sync /sailhome/pratikr/rlaopt-experiments/artifacts/production-20260831/wandb/offline-run-20260831_115211-7fca86e5b9db573dbe1692c551e9003d
wandb: Find logs at: ./artifacts/production-20260831/wandb/offline-run-20260831_115211-7fca86e5b9db573dbe1692c551e9003d/logs
CHUNK_PROGRESS chunk=1 manifest_index=19 attempted=4
RLAOPT_GIT_COMMIT=772f73321328a29689deddfceeb9a7c26ae13159
RLAOPT_GIT_DIRTY=0
RLAOPT_CUDA_IMAGE_SHA256=b54e5e682a428d9dadd7cbd906f64a8e826daf414aa81997eaa600cb84fe891e
wandb: WARNING `resume` will be ignored since W&B syncing is set to `offline`. Starting a new run with run id 38663efc700e5f7ba4ecf43dda8df7b2.
wandb: Tracking run with wandb version 0.29.0
wandb: W&B syncing is set to `offline` in this directory. Run `wandb online` or set WANDB_MODE=online to enable cloud syncing.
wandb: Run data is saved locally in /sailhome/pratikr/rlaopt-experiments/artifacts/production-20260831/wandb/offline-run-20260831_115228-38663efc700e5f7ba4ecf43dda8df7b2
wandb: View this run in the terminal with `wandb leet`
wandb: 
wandb: Run history:
wandb:            summary/relative_kkt ▁
wandb: summary/relative_solution_error ▁
wandb:         summary/runtime_seconds ▁
wandb:                 summary/success ▁
wandb: 
wandb: Run summary:
wandb:            summary/relative_kkt 0.0
wandb: summary/relative_solution_error 0.0
wandb:         summary/runtime_seconds 0.75863
wandb:                 summary/success 1
wandb: 
wandb: You can sync this run to the cloud by running:
wandb: wandb sync /sailhome/pratikr/rlaopt-experiments/artifacts/production-20260831/wandb/offline-run-20260831_115228-38663efc700e5f7ba4ecf43dda8df7b2
wandb: Find logs at: ./artifacts/production-20260831/wandb/offline-run-20260831_115228-38663efc700e5f7ba4ecf43dda8df7b2/logs
wandb: WARNING `resume` will be ignored since W&B syncing is set to `offline`. Starting a new run with run id 86be07ab2d6b594481f4e16178a81d3f.
wandb: Tracking run with wandb version 0.29.0
wandb: W&B syncing is set to `offline` in this directory. Run `wandb online` or set WANDB_MODE=online to enable cloud syncing.
wandb: Run data is saved locally in /sailhome/pratikr/rlaopt-experiments/artifacts/production-20260831/wandb/offline-run-20260831_115231-86be07ab2d6b594481f4e16178a81d3f
wandb: View this run in the terminal with `wandb leet`
wandb: 
wandb: Run history:
wandb:            summary/relative_kkt ▁
wandb: summary/relative_solution_error ▁
wandb:         summary/runtime_seconds ▁
wandb:                 summary/success ▁
wandb: 
wandb: Run summary:
wandb:            summary/relative_kkt 0.0
wandb: summary/relative_solution_error 0.0
wandb:         summary/runtime_seconds 0.65669
wandb:                 summary/success 1
wandb: 
wandb: You can sync this run to the cloud by running:
wandb: wandb sync /sailhome/pratikr/rlaopt-experiments/artifacts/production-20260831/wandb/offline-run-20260831_115231-86be07ab2d6b594481f4e16178a81d3f
wandb: Find logs at: ./artifacts/production-20260831/wandb/offline-run-20260831_115231-86be07ab2d6b594481f4e16178a81d3f/logs
wandb: WARNING `resume` will be ignored since W&B syncing is set to `offline`. Starting a new run with run id 2c23600b24e5534f8f73ad09b30c1b02.
wandb: Tracking run with wandb version 0.29.0
wandb: W&B syncing is set to `offline` in this directory. Run `wandb online` or set WANDB_MODE=online to enable cloud syncing.
wandb: Run data is saved locally in /sailhome/pratikr/rlaopt-experiments/artifacts/production-20260831/wandb/offline-run-20260831_115233-2c23600b24e5534f8f73ad09b30c1b02
wandb: View this run in the terminal with `wandb leet`
wandb: 
wandb: Run history:
wandb:            summary/relative_kkt ▁
wandb: summary/relative_solution_error ▁
wandb:         summary/runtime_seconds ▁
wandb:                 summary/success ▁
wandb: 
wandb: Run summary:
wandb:            summary/relative_kkt 0.0
wandb: summary/relative_solution_error 0.0
wandb:         summary/runtime_seconds 0.68278
wandb:                 summary/success 1
wandb: 
wandb: You can sync this run to the cloud by running:
wandb: wandb sync /sailhome/pratikr/rlaopt-experiments/artifacts/production-20260831/wandb/offline-run-20260831_115233-2c23600b24e5534f8f73ad09b30c1b02
wandb: Find logs at: ./artifacts/production-20260831/wandb/offline-run-20260831_115233-2c23600b24e5534f8f73ad09b30c1b02/logs
CHUNK_PROGRESS chunk=1 manifest_index=25 attempted=5
RLAOPT_GIT_COMMIT=772f73321328a29689deddfceeb9a7c26ae13159
RLAOPT_GIT_DIRTY=0
RLAOPT_CUDA_IMAGE_SHA256=b54e5e682a428d9dadd7cbd906f64a8e826daf414aa81997eaa600cb84fe891e
wandb: WARNING `resume` will be ignored since W&B syncing is set to `offline`. Starting a new run with run id 49266aa3bbb654c48aa8860187b458ed.
wandb: Tracking run with wandb version 0.29.0
wandb: W&B syncing is set to `offline` in this directory. Run `wandb online` or set WANDB_MODE=online to enable cloud syncing.
wandb: Run data is saved locally in /sailhome/pratikr/rlaopt-experiments/artifacts/production-20260831/wandb/offline-run-20260831_115253-49266aa3bbb654c48aa8860187b458ed
wandb: View this run in the terminal with `wandb leet`
wandb: 
wandb: Run history:
wandb:            summary/relative_kkt ▁
wandb: summary/relative_solution_error ▁
wandb:         summary/runtime_seconds ▁
wandb:                 summary/success ▁
wandb: 
wandb: Run summary:
wandb:            summary/relative_kkt 0.0
wandb: summary/relative_solution_error 0.0
wandb:         summary/runtime_seconds 1.35214
wandb:                 summary/success 1
wandb: 
wandb: You can sync this run to the cloud by running:
wandb: wandb sync /sailhome/pratikr/rlaopt-experiments/artifacts/production-20260831/wandb/offline-run-20260831_115253-49266aa3bbb654c48aa8860187b458ed
wandb: Find logs at: ./artifacts/production-20260831/wandb/offline-run-20260831_115253-49266aa3bbb654c48aa8860187b458ed/logs
wandb: WARNING `resume` will be ignored since W&B syncing is set to `offline`. Starting a new run with run id a66496d154a354bc8942b3c0d29bc15b.
wandb: Tracking run with wandb version 0.29.0
wandb: W&B syncing is set to `offline` in this directory. Run `wandb online` or set WANDB_MODE=online to enable cloud syncing.
wandb: Run data is saved locally in /sailhome/pratikr/rlaopt-experiments/artifacts/production-20260831/wandb/offline-run-20260831_115255-a66496d154a354bc8942b3c0d29bc15b
wandb: View this run in the terminal with `wandb leet`
wandb: 
wandb: Run history:
wandb:            summary/relative_kkt ▁
wandb: summary/relative_solution_error ▁
wandb:         summary/runtime_seconds ▁
wandb:                 summary/success ▁
wandb: 
wandb: Run summary:
wandb:            summary/relative_kkt 0.0
wandb: summary/relative_solution_error 0.0
wandb:         summary/runtime_seconds 0.72409
wandb:                 summary/success 1
wandb: 
wandb: You can sync this run to the cloud by running:
wandb: wandb sync /sailhome/pratikr/rlaopt-experiments/artifacts/production-20260831/wandb/offline-run-20260831_115255-a66496d154a354bc8942b3c0d29bc15b
wandb: Find logs at: ./artifacts/production-20260831/wandb/offline-run-20260831_115255-a66496d154a354bc8942b3c0d29bc15b/logs
wandb: WARNING `resume` will be ignored since W&B syncing is set to `offline`. Starting a new run with run id 36263d4bf8f5597280ca4b22ef00afad.
wandb: Tracking run with wandb version 0.29.0
wandb: W&B syncing is set to `offline` in this directory. Run `wandb online` or set WANDB_MODE=online to enable cloud syncing.
wandb: Run data is saved locally in /sailhome/pratikr/rlaopt-experiments/artifacts/production-20260831/wandb/offline-run-20260831_115256-36263d4bf8f5597280ca4b22ef00afad
wandb: View this run in the terminal with `wandb leet`
wandb: 
wandb: Run history:
wandb:            summary/relative_kkt ▁
wandb: summary/relative_solution_error ▁
wandb:         summary/runtime_seconds ▁
wandb:                 summary/success ▁
wandb: 
wandb: Run summary:
wandb:            summary/relative_kkt 0.0
wandb: summary/relative_solution_error 0.0
wandb:         summary/runtime_seconds 0.55602
wandb:                 summary/success 1
wandb: 
wandb: You can sync this run to the cloud by running:
wandb: wandb sync /sailhome/pratikr/rlaopt-experiments/artifacts/production-20260831/wandb/offline-run-20260831_115256-36263d4bf8f5597280ca4b22ef00afad
wandb: Find logs at: ./artifacts/production-20260831/wandb/offline-run-20260831_115256-36263d4bf8f5597280ca4b22ef00afad/logs
CHUNK_PROGRESS chunk=1 manifest_index=31 attempted=6
RLAOPT_GIT_COMMIT=772f73321328a29689deddfceeb9a7c26ae13159
RLAOPT_GIT_DIRTY=0
RLAOPT_CUDA_IMAGE_SHA256=b54e5e682a428d9dadd7cbd906f64a8e826daf414aa81997eaa600cb84fe891e
wandb: WARNING `resume` will be ignored since W&B syncing is set to `offline`. Starting a new run with run id 46eda12f8b095c0eae41f72d266f9295.
wandb: Tracking run with wandb version 0.29.0
wandb: W&B syncing is set to `offline` in this directory. Run `wandb online` or set WANDB_MODE=online to enable cloud syncing.
wandb: Run data is saved locally in /sailhome/pratikr/rlaopt-experiments/artifacts/production-20260831/wandb/offline-run-20260831_115314-46eda12f8b095c0eae41f72d266f9295
wandb: View this run in the terminal with `wandb leet`
wandb: 
wandb: Run history:
wandb:            summary/relative_kkt ▁
wandb: summary/relative_solution_error ▁
wandb:         summary/runtime_seconds ▁
wandb:                 summary/success ▁
wandb: 
wandb: Run summary:
wandb:            summary/relative_kkt 0.0
wandb: summary/relative_solution_error 0.0
wandb:         summary/runtime_seconds 0.86193
wandb:                 summary/success 1
wandb: 
wandb: You can sync this run to the cloud by running:
wandb: wandb sync /sailhome/pratikr/rlaopt-experiments/artifacts/production-20260831/wandb/offline-run-20260831_115314-46eda12f8b095c0eae41f72d266f9295
wandb: Find logs at: ./artifacts/production-20260831/wandb/offline-run-20260831_115314-46eda12f8b095c0eae41f72d266f9295/logs
wandb: WARNING `resume` will be ignored since W&B syncing is set to `offline`. Starting a new run with run id 3f3acb408b365f74919cc66521dd097f.
wandb: Tracking run with wandb version 0.29.0
wandb: W&B syncing is set to `offline` in this directory. Run `wandb online` or set WANDB_MODE=online to enable cloud syncing.
wandb: Run data is saved locally in /sailhome/pratikr/rlaopt-experiments/artifacts/production-20260831/wandb/offline-run-20260831_115317-3f3acb408b365f74919cc66521dd097f
wandb: View this run in the terminal with `wandb leet`
wandb: 
wandb: Run history:
wandb:            summary/relative_kkt ▁
wandb: summary/relative_solution_error ▁
wandb:         summary/runtime_seconds ▁
wandb:                 summary/success ▁
wandb: 
wandb: Run summary:
wandb:            summary/relative_kkt 0.0
wandb: summary/relative_solution_error 0.0
wandb:         summary/runtime_seconds 0.66729
wandb:                 summary/success 1
wandb: 
wandb: You can sync this run to the cloud by running:
wandb: wandb sync /sailhome/pratikr/rlaopt-experiments/artifacts/production-20260831/wandb/offline-run-20260831_115317-3f3acb408b365f74919cc66521dd097f
wandb: Find logs at: ./artifacts/production-20260831/wandb/offline-run-20260831_115317-3f3acb408b365f74919cc66521dd097f/logs
wandb: WARNING `resume` will be ignored since W&B syncing is set to `offline`. Starting a new run with run id 40dc3d7ffb3c5ac59e92398c739a47c0.
wandb: Tracking run with wandb version 0.29.0
wandb: W&B syncing is set to `offline` in this directory. Run `wandb online` or set WANDB_MODE=online to enable cloud syncing.
wandb: Run data is saved locally in /sailhome/pratikr/rlaopt-experiments/artifacts/production-20260831/wandb/offline-run-20260831_115319-40dc3d7ffb3c5ac59e92398c739a47c0
wandb: View this run in the terminal with `wandb leet`
wandb: 
wandb: Run history:
wandb:            summary/relative_kkt ▁
wandb: summary/relative_solution_error ▁
wandb:         summary/runtime_seconds ▁
wandb:                 summary/success ▁
wandb: 
wandb: Run summary:
wandb:            summary/relative_kkt 0.0
wandb: summary/relative_solution_error 0.0
wandb:         summary/runtime_seconds 0.66144
wandb:                 summary/success 1
wandb: 
wandb: You can sync this run to the cloud by running:
wandb: wandb sync /sailhome/pratikr/rlaopt-experiments/artifacts/production-20260831/wandb/offline-run-20260831_115319-40dc3d7ffb3c5ac59e92398c739a47c0
wandb: Find logs at: ./artifacts/production-20260831/wandb/offline-run-20260831_115319-40dc3d7ffb3c5ac59e92398c739a47c0/logs
CHUNK_PROGRESS chunk=1 manifest_index=37 attempted=7
RLAOPT_GIT_COMMIT=772f73321328a29689deddfceeb9a7c26ae13159
RLAOPT_GIT_DIRTY=0
RLAOPT_CUDA_IMAGE_SHA256=b54e5e682a428d9dadd7cbd906f64a8e826daf414aa81997eaa600cb84fe891e
wandb: WARNING `resume` will be ignored since W&B syncing is set to `offline`. Starting a new run with run id dc6de1f3acc25ff2a9f79331cba402fc.
wandb: Tracking run with wandb version 0.29.0
wandb: W&B syncing is set to `offline` in this directory. Run `wandb online` or set WANDB_MODE=online to enable cloud syncing.
wandb: Run data is saved locally in /sailhome/pratikr/rlaopt-experiments/artifacts/production-20260831/wandb/offline-run-20260831_115358-dc6de1f3acc25ff2a9f79331cba402fc
wandb: View this run in the terminal with `wandb leet`
wandb: 
wandb: Run history:
wandb:            summary/relative_kkt ▁
wandb: summary/relative_solution_error ▁
wandb:         summary/runtime_seconds ▁
wandb:                 summary/success ▁
wandb: 
wandb: Run summary:
wandb:            summary/relative_kkt 0.0
wandb: summary/relative_solution_error 0.0
wandb:         summary/runtime_seconds 3.01684
wandb:                 summary/success 1
wandb: 
wandb: You can sync this run to the cloud by running:
wandb: wandb sync /sailhome/pratikr/rlaopt-experiments/artifacts/production-20260831/wandb/offline-run-20260831_115358-dc6de1f3acc25ff2a9f79331cba402fc
wandb: Find logs at: ./artifacts/production-20260831/wandb/offline-run-20260831_115358-dc6de1f3acc25ff2a9f79331cba402fc/logs
wandb: WARNING `resume` will be ignored since W&B syncing is set to `offline`. Starting a new run with run id 30564ed7d2775755a0bc575da8f7be1d.
wandb: Tracking run with wandb version 0.29.0
wandb: W&B syncing is set to `offline` in this directory. Run `wandb online` or set WANDB_MODE=online to enable cloud syncing.
wandb: Run data is saved locally in /sailhome/pratikr/rlaopt-experiments/artifacts/production-20260831/wandb/offline-run-20260831_115404-30564ed7d2775755a0bc575da8f7be1d
wandb: View this run in the terminal with `wandb leet`
wandb: 
wandb: Run history:
wandb:            summary/relative_kkt ▁
wandb: summary/relative_solution_error ▁
wandb:         summary/runtime_seconds ▁
wandb:                 summary/success ▁
wandb: 
wandb: Run summary:
wandb:            summary/relative_kkt 0.0
wandb: summary/relative_solution_error 0.0
wandb:         summary/runtime_seconds 3.47327
wandb:                 summary/success 1
wandb: 
wandb: You can sync this run to the cloud by running:
wandb: wandb sync /sailhome/pratikr/rlaopt-experiments/artifacts/production-20260831/wandb/offline-run-20260831_115404-30564ed7d2775755a0bc575da8f7be1d
wandb: Find logs at: ./artifacts/production-20260831/wandb/offline-run-20260831_115404-30564ed7d2775755a0bc575da8f7be1d/logs
wandb: WARNING `resume` will be ignored since W&B syncing is set to `offline`. Starting a new run with run id d4ba7cedf6555b1ab2e76e083806887f.
wandb: Tracking run with wandb version 0.29.0
wandb: W&B syncing is set to `offline` in this directory. Run `wandb online` or set WANDB_MODE=online to enable cloud syncing.
wandb: Run data is saved locally in /sailhome/pratikr/rlaopt-experiments/artifacts/production-20260831/wandb/offline-run-20260831_115409-d4ba7cedf6555b1ab2e76e083806887f
wandb: View this run in the terminal with `wandb leet`
wandb: 
wandb: Run history:
wandb:            summary/relative_kkt ▁
wandb: summary/relative_solution_error ▁
wandb:         summary/runtime_seconds ▁
wandb:                 summary/success ▁
wandb: 
wandb: Run summary:
wandb:            summary/relative_kkt 0.0
wandb: summary/relative_solution_error 0.0
wandb:         summary/runtime_seconds 3.84249
wandb:                 summary/success 1
wandb: 
wandb: You can sync this run to the cloud by running:
wandb: wandb sync /sailhome/pratikr/rlaopt-experiments/artifacts/production-20260831/wandb/offline-run-20260831_115409-d4ba7cedf6555b1ab2e76e083806887f
wandb: Find logs at: ./artifacts/production-20260831/wandb/offline-run-20260831_115409-d4ba7cedf6555b1ab2e76e083806887f/logs
CHUNK_PROGRESS chunk=1 manifest_index=43 attempted=8
RLAOPT_GIT_COMMIT=772f73321328a29689deddfceeb9a7c26ae13159
RLAOPT_GIT_DIRTY=0
RLAOPT_CUDA_IMAGE_SHA256=b54e5e682a428d9dadd7cbd906f64a8e826daf414aa81997eaa600cb84fe891e
wandb: WARNING `resume` will be ignored since W&B syncing is set to `offline`. Starting a new run with run id a30754a8b2c95168ba5318216dc84d6f.
wandb: Tracking run with wandb version 0.29.0
wandb: W&B syncing is set to `offline` in this directory. Run `wandb online` or set WANDB_MODE=online to enable cloud syncing.
wandb: Run data is saved locally in /sailhome/pratikr/rlaopt-experiments/artifacts/production-20260831/wandb/offline-run-20260831_115519-a30754a8b2c95168ba5318216dc84d6f
wandb: View this run in the terminal with `wandb leet`
wandb: 
wandb: Run history:
wandb:            summary/relative_kkt ▁
wandb: summary/relative_solution_error ▁
wandb:         summary/runtime_seconds ▁
wandb:                 summary/success ▁
wandb: 
wandb: Run summary:
wandb:            summary/relative_kkt 0.0
wandb: summary/relative_solution_error 0.0
wandb:         summary/runtime_seconds 17.74745
wandb:                 summary/success 1
wandb: 
wandb: You can sync this run to the cloud by running:
wandb: wandb sync /sailhome/pratikr/rlaopt-experiments/artifacts/production-20260831/wandb/offline-run-20260831_115519-a30754a8b2c95168ba5318216dc84d6f
wandb: Find logs at: ./artifacts/production-20260831/wandb/offline-run-20260831_115519-a30754a8b2c95168ba5318216dc84d6f/logs
wandb: WARNING `resume` will be ignored since W&B syncing is set to `offline`. Starting a new run with run id c31c332ce03d513dacef41f1ad373d75.
wandb: Tracking run with wandb version 0.29.0
wandb: W&B syncing is set to `offline` in this directory. Run `wandb online` or set WANDB_MODE=online to enable cloud syncing.
wandb: Run data is saved locally in /sailhome/pratikr/rlaopt-experiments/artifacts/production-20260831/wandb/offline-run-20260831_115555-c31c332ce03d513dacef41f1ad373d75
wandb: View this run in the terminal with `wandb leet`
wandb: 
wandb: Run history:
wandb:            summary/relative_kkt ▁
wandb: summary/relative_solution_error ▁
wandb:         summary/runtime_seconds ▁
wandb:                 summary/success ▁
wandb: 
wandb: Run summary:
wandb:            summary/relative_kkt 0.0
wandb: summary/relative_solution_error 0.0
wandb:         summary/runtime_seconds 17.17864
wandb:                 summary/success 1
wandb: 
wandb: You can sync this run to the cloud by running:
wandb: wandb sync /sailhome/pratikr/rlaopt-experiments/artifacts/production-20260831/wandb/offline-run-20260831_115555-c31c332ce03d513dacef41f1ad373d75
wandb: Find logs at: ./artifacts/production-20260831/wandb/offline-run-20260831_115555-c31c332ce03d513dacef41f1ad373d75/logs
wandb: WARNING `resume` will be ignored since W&B syncing is set to `offline`. Starting a new run with run id e06421f0b9ea51aab87da14c48b8a914.
wandb: Tracking run with wandb version 0.29.0
wandb: W&B syncing is set to `offline` in this directory. Run `wandb online` or set WANDB_MODE=online to enable cloud syncing.
wandb: Run data is saved locally in /sailhome/pratikr/rlaopt-experiments/artifacts/production-20260831/wandb/offline-run-20260831_115628-e06421f0b9ea51aab87da14c48b8a914
wandb: View this run in the terminal with `wandb leet`
wandb: 
wandb: Run history:
wandb:            summary/relative_kkt ▁
wandb: summary/relative_solution_error ▁
wandb:         summary/runtime_seconds ▁
wandb:                 summary/success ▁
wandb: 
wandb: Run summary:
wandb:            summary/relative_kkt 0.0
wandb: summary/relative_solution_error 0.0
wandb:         summary/runtime_seconds 15.97491
wandb:                 summary/success 1
wandb: 
wandb: You can sync this run to the cloud by running:
wandb: wandb sync /sailhome/pratikr/rlaopt-experiments/artifacts/production-20260831/wandb/offline-run-20260831_115628-e06421f0b9ea51aab87da14c48b8a914
wandb: Find logs at: ./artifacts/production-20260831/wandb/offline-run-20260831_115628-e06421f0b9ea51aab87da14c48b8a914/logs
CHUNK_PROGRESS chunk=1 manifest_index=49 attempted=9
RLAOPT_GIT_COMMIT=772f73321328a29689deddfceeb9a7c26ae13159
RLAOPT_GIT_DIRTY=0
RLAOPT_CUDA_IMAGE_SHA256=b54e5e682a428d9dadd7cbd906f64a8e826daf414aa81997eaa600cb84fe891e
wandb: WARNING `resume` will be ignored since W&B syncing is set to `offline`. Starting a new run with run id 3c95df63bc815fff9b2514b132c0304b.
wandb: Tracking run with wandb version 0.29.0
wandb: W&B syncing is set to `offline` in this directory. Run `wandb online` or set WANDB_MODE=online to enable cloud syncing.
wandb: Run data is saved locally in /sailhome/pratikr/rlaopt-experiments/artifacts/production-20260831/wandb/offline-run-20260831_115706-3c95df63bc815fff9b2514b132c0304b
wandb: View this run in the terminal with `wandb leet`
wandb: 
wandb: Run history:
wandb:            summary/relative_kkt ▁
wandb: summary/relative_solution_error ▁
wandb:         summary/runtime_seconds ▁
wandb:                 summary/success ▁
wandb: 
wandb: Run summary:
wandb:            summary/relative_kkt 0.0
wandb: summary/relative_solution_error 0.0
wandb:         summary/runtime_seconds 0.96618
wandb:                 summary/success 1
wandb: 
wandb: You can sync this run to the cloud by running:
wandb: wandb sync /sailhome/pratikr/rlaopt-experiments/artifacts/production-20260831/wandb/offline-run-20260831_115706-3c95df63bc815fff9b2514b132c0304b
wandb: Find logs at: ./artifacts/production-20260831/wandb/offline-run-20260831_115706-3c95df63bc815fff9b2514b132c0304b/logs
wandb: WARNING `resume` will be ignored since W&B syncing is set to `offline`. Starting a new run with run id bcbf55420646538ebff6578b4360a580.
wandb: Tracking run with wandb version 0.29.0
wandb: W&B syncing is set to `offline` in this directory. Run `wandb online` or set WANDB_MODE=online to enable cloud syncing.
wandb: Run data is saved locally in /sailhome/pratikr/rlaopt-experiments/artifacts/production-20260831/wandb/offline-run-20260831_115712-bcbf55420646538ebff6578b4360a580
wandb: View this run in the terminal with `wandb leet`
wandb: 
wandb: Run history:
wandb:            summary/relative_kkt ▁
wandb: summary/relative_solution_error ▁
wandb:         summary/runtime_seconds ▁
wandb:                 summary/success ▁
wandb: 
wandb: Run summary:
wandb:            summary/relative_kkt 0.0
wandb: summary/relative_solution_error 0.0
wandb:         summary/runtime_seconds 4.16404
wandb:                 summary/success 1
wandb: 
wandb: You can sync this run to the cloud by running:
wandb: wandb sync /sailhome/pratikr/rlaopt-experiments/artifacts/production-20260831/wandb/offline-run-20260831_115712-bcbf55420646538ebff6578b4360a580
wandb: Find logs at: ./artifacts/production-20260831/wandb/offline-run-20260831_115712-bcbf55420646538ebff6578b4360a580/logs
wandb: WARNING `resume` will be ignored since W&B syncing is set to `offline`. Starting a new run with run id 863f90986a005046a0353713b8bfcfdf.
wandb: Tracking run with wandb version 0.29.0
wandb: W&B syncing is set to `offline` in this directory. Run `wandb online` or set WANDB_MODE=online to enable cloud syncing.
wandb: Run data is saved locally in /sailhome/pratikr/rlaopt-experiments/artifacts/production-20260831/wandb/offline-run-20260831_115743-863f90986a005046a0353713b8bfcfdf
wandb: View this run in the terminal with `wandb leet`
wandb: 
wandb: Run history:
wandb:            summary/relative_kkt ▁
wandb: summary/relative_solution_error ▁
wandb:         summary/runtime_seconds ▁
wandb:                 summary/success ▁
wandb: 
wandb: Run summary:
wandb:            summary/relative_kkt 0.0
wandb: summary/relative_solution_error 1e-05
wandb:         summary/runtime_seconds 29.37773
wandb:                 summary/success 1
wandb: 
wandb: You can sync this run to the cloud by running:
wandb: wandb sync /sailhome/pratikr/rlaopt-experiments/artifacts/production-20260831/wandb/offline-run-20260831_115743-863f90986a005046a0353713b8bfcfdf
wandb: Find logs at: ./artifacts/production-20260831/wandb/offline-run-20260831_115743-863f90986a005046a0353713b8bfcfdf/logs
CHUNK_PROGRESS chunk=1 manifest_index=55 attempted=10
RLAOPT_GIT_COMMIT=772f73321328a29689deddfceeb9a7c26ae13159
RLAOPT_GIT_DIRTY=0
RLAOPT_CUDA_IMAGE_SHA256=b54e5e682a428d9dadd7cbd906f64a8e826daf414aa81997eaa600cb84fe891e
Traceback (most recent call last):
  File "/opt/rlaopt-experiments/.venv/bin/rlaopt-bench", line 10, in <module>
    sys.exit(main())
             ^^^^^^
  File "/opt/rlaopt-experiments/src/rlaopt_experiments/cli.py", line 67, in main
    run_job(
  File "/opt/rlaopt-experiments/src/rlaopt_experiments/runner.py", line 230, in run_job
    warmup = worker.solve(
             ^^^^^^^^^^^^^
  File "/opt/rlaopt-experiments/src/rlaopt_experiments/isolation.py", line 144, in solve
    return self._connection.recv()
           ^^^^^^^^^^^^^^^^^^^^^^^
  File "/usr/lib/python3.12/multiprocessing/connection.py", line 250, in recv
    buf = self._recv_bytes()
          ^^^^^^^^^^^^^^^^^^
  File "/usr/lib/python3.12/multiprocessing/connection.py", line 430, in _recv_bytes
    buf = self._recv(4)
          ^^^^^^^^^^^^^
  File "/usr/lib/python3.12/multiprocessing/connection.py", line 399, in _recv
    raise EOFError
EOFError
CHUNK_FAILURE chunk=1 manifest_index=55 status=1
CHUNK_PROGRESS chunk=1 manifest_index=61 attempted=11
RLAOPT_GIT_COMMIT=772f73321328a29689deddfceeb9a7c26ae13159
RLAOPT_GIT_DIRTY=0
RLAOPT_CUDA_IMAGE_SHA256=b54e5e682a428d9dadd7cbd906f64a8e826daf414aa81997eaa600cb84fe891e
wandb: WARNING `resume` will be ignored since W&B syncing is set to `offline`. Starting a new run with run id cf4a4158f1a95e3f9ee0570683f296e9.
wandb: Tracking run with wandb version 0.29.0
wandb: W&B syncing is set to `offline` in this directory. Run `wandb online` or set WANDB_MODE=online to enable cloud syncing.
wandb: Run data is saved locally in /sailhome/pratikr/rlaopt-experiments/artifacts/production-20260831/wandb/offline-run-20260831_120949-cf4a4158f1a95e3f9ee0570683f296e9
wandb: View this run in the terminal with `wandb leet`
wandb: 
wandb: Run history:
wandb:            summary/relative_kkt ▁
wandb: summary/relative_solution_error ▁
wandb:         summary/runtime_seconds ▁
wandb:                 summary/success ▁
wandb: 
wandb: Run summary:
wandb:            summary/relative_kkt 0.0
wandb: summary/relative_solution_error 0.0
wandb:         summary/runtime_seconds 25.84077
wandb:                 summary/success 1
wandb: 
wandb: You can sync this run to the cloud by running:
wandb: wandb sync /sailhome/pratikr/rlaopt-experiments/artifacts/production-20260831/wandb/offline-run-20260831_120949-cf4a4158f1a95e3f9ee0570683f296e9
wandb: Find logs at: ./artifacts/production-20260831/wandb/offline-run-20260831_120949-cf4a4158f1a95e3f9ee0570683f296e9/logs
wandb: WARNING `resume` will be ignored since W&B syncing is set to `offline`. Starting a new run with run id d833fef7868850c5b8a070f989aa80e9.
wandb: Tracking run with wandb version 0.29.0
wandb: W&B syncing is set to `offline` in this directory. Run `wandb online` or set WANDB_MODE=online to enable cloud syncing.
wandb: Run data is saved locally in /sailhome/pratikr/rlaopt-experiments/artifacts/production-20260831/wandb/offline-run-20260831_121313-d833fef7868850c5b8a070f989aa80e9
wandb: View this run in the terminal with `wandb leet`
wandb: 
wandb: Run history:
wandb:            summary/relative_kkt ▁
wandb: summary/relative_solution_error ▁
wandb:         summary/runtime_seconds ▁
wandb:                 summary/success ▁
wandb: 
wandb: Run summary:
wandb:            summary/relative_kkt 0.0
wandb: summary/relative_solution_error 0.0
wandb:         summary/runtime_seconds 188.1948
wandb:                 summary/success 1
wandb: 
wandb: You can sync this run to the cloud by running:
wandb: wandb sync /sailhome/pratikr/rlaopt-experiments/artifacts/production-20260831/wandb/offline-run-20260831_121313-d833fef7868850c5b8a070f989aa80e9
wandb: Find logs at: ./artifacts/production-20260831/wandb/offline-run-20260831_121313-d833fef7868850c5b8a070f989aa80e9/logs
wandb: WARNING `resume` will be ignored since W&B syncing is set to `offline`. Starting a new run with run id 0da521e547455cae8f7cde372f1b44be.
wandb: Tracking run with wandb version 0.29.0
wandb: W&B syncing is set to `offline` in this directory. Run `wandb online` or set WANDB_MODE=online to enable cloud syncing.
wandb: Run data is saved locally in /sailhome/pratikr/rlaopt-experiments/artifacts/production-20260831/wandb/offline-run-20260831_122200-0da521e547455cae8f7cde372f1b44be
wandb: View this run in the terminal with `wandb leet`
wandb: 
wandb: Run history:
wandb:            summary/relative_kkt ▁
wandb: summary/relative_solution_error ▁
wandb:         summary/runtime_seconds ▁
wandb:                 summary/success ▁
wandb: 
wandb: Run summary:
wandb:            summary/relative_kkt 0.0
wandb: summary/relative_solution_error 0.0
wandb:         summary/runtime_seconds 512.14266
wandb:                 summary/success 1
wandb: 
wandb: You can sync this run to the cloud by running:
wandb: wandb sync /sailhome/pratikr/rlaopt-experiments/artifacts/production-20260831/wandb/offline-run-20260831_122200-0da521e547455cae8f7cde372f1b44be
wandb: Find logs at: ./artifacts/production-20260831/wandb/offline-run-20260831_122200-0da521e547455cae8f7cde372f1b44be/logs
CHUNK_PROGRESS chunk=1 manifest_index=67 attempted=12
RLAOPT_GIT_COMMIT=772f73321328a29689deddfceeb9a7c26ae13159
RLAOPT_GIT_DIRTY=0
RLAOPT_CUDA_IMAGE_SHA256=b54e5e682a428d9dadd7cbd906f64a8e826daf414aa81997eaa600cb84fe891e
Traceback (most recent call last):
  File "/opt/rlaopt-experiments/.venv/bin/rlaopt-bench", line 10, in <module>
    sys.exit(main())
             ^^^^^^
  File "/opt/rlaopt-experiments/src/rlaopt_experiments/cli.py", line 67, in main
    run_job(
  File "/opt/rlaopt-experiments/src/rlaopt_experiments/runner.py", line 230, in run_job
    warmup = worker.solve(
             ^^^^^^^^^^^^^
  File "/opt/rlaopt-experiments/src/rlaopt_experiments/isolation.py", line 144, in solve
    return self._connection.recv()
           ^^^^^^^^^^^^^^^^^^^^^^^
  File "/usr/lib/python3.12/multiprocessing/connection.py", line 250, in recv
    buf = self._recv_bytes()
          ^^^^^^^^^^^^^^^^^^
  File "/usr/lib/python3.12/multiprocessing/connection.py", line 430, in _recv_bytes
    buf = self._recv(4)
          ^^^^^^^^^^^^^
  File "/usr/lib/python3.12/multiprocessing/connection.py", line 399, in _recv
    raise EOFError
EOFError
CHUNK_FAILURE chunk=1 manifest_index=67 status=1
CHUNK_PROGRESS chunk=1 manifest_index=73 attempted=13
RLAOPT_GIT_COMMIT=772f73321328a29689deddfceeb9a7c26ae13159
RLAOPT_GIT_DIRTY=0
RLAOPT_CUDA_IMAGE_SHA256=b54e5e682a428d9dadd7cbd906f64a8e826daf414aa81997eaa600cb84fe891e
wandb: WARNING `resume` will be ignored since W&B syncing is set to `offline`. Starting a new run with run id 07e3636fcaf559baa3b2cfbb023645d9.
wandb: Tracking run with wandb version 0.29.0
wandb: W&B syncing is set to `offline` in this directory. Run `wandb online` or set WANDB_MODE=online to enable cloud syncing.
wandb: Run data is saved locally in /sailhome/pratikr/rlaopt-experiments/artifacts/production-20260831/wandb/offline-run-20260831_122855-07e3636fcaf559baa3b2cfbb023645d9
wandb: View this run in the terminal with `wandb leet`
wandb: 
wandb: Run history:
wandb:            summary/relative_kkt ▁
wandb: summary/relative_solution_error ▁
wandb:         summary/runtime_seconds ▁
wandb:                 summary/success ▁
wandb: 
wandb: Run summary:
wandb:            summary/relative_kkt 0.0
wandb: summary/relative_solution_error 0.0
wandb:         summary/runtime_seconds 4.48652
wandb:                 summary/success 1
wandb: 
wandb: You can sync this run to the cloud by running:
wandb: wandb sync /sailhome/pratikr/rlaopt-experiments/artifacts/production-20260831/wandb/offline-run-20260831_122855-07e3636fcaf559baa3b2cfbb023645d9
wandb: Find logs at: ./artifacts/production-20260831/wandb/offline-run-20260831_122855-07e3636fcaf559baa3b2cfbb023645d9/logs
wandb: WARNING `resume` will be ignored since W&B syncing is set to `offline`. Starting a new run with run id fdbe904213595d1e948ba3ed2e85076b.
wandb: Tracking run with wandb version 0.29.0
wandb: W&B syncing is set to `offline` in this directory. Run `wandb online` or set WANDB_MODE=online to enable cloud syncing.
wandb: Run data is saved locally in /sailhome/pratikr/rlaopt-experiments/artifacts/production-20260831/wandb/offline-run-20260831_122905-fdbe904213595d1e948ba3ed2e85076b
wandb: View this run in the terminal with `wandb leet`
wandb: 
wandb: Run history:
wandb:            summary/relative_kkt ▁
wandb: summary/relative_solution_error ▁
wandb:         summary/runtime_seconds ▁
wandb:                 summary/success ▁
wandb: 
wandb: Run summary:
wandb:            summary/relative_kkt 0.0
wandb: summary/relative_solution_error 0.0
wandb:         summary/runtime_seconds 6.895
wandb:                 summary/success 1
wandb: 
wandb: You can sync this run to the cloud by running:
wandb: wandb sync /sailhome/pratikr/rlaopt-experiments/artifacts/production-20260831/wandb/offline-run-20260831_122905-fdbe904213595d1e948ba3ed2e85076b
wandb: Find logs at: ./artifacts/production-20260831/wandb/offline-run-20260831_122905-fdbe904213595d1e948ba3ed2e85076b/logs
wandb: WARNING `resume` will be ignored since W&B syncing is set to `offline`. Starting a new run with run id 51a8b23c024d5be9acea28645444bb2f.
wandb: Tracking run with wandb version 0.29.0
wandb: W&B syncing is set to `offline` in this directory. Run `wandb online` or set WANDB_MODE=online to enable cloud syncing.
wandb: Run data is saved locally in /sailhome/pratikr/rlaopt-experiments/artifacts/production-20260831/wandb/offline-run-20260831_122915-51a8b23c024d5be9acea28645444bb2f
wandb: View this run in the terminal with `wandb leet`
wandb: 
wandb: Run history:
wandb:            summary/relative_kkt ▁
wandb: summary/relative_solution_error ▁
wandb:         summary/runtime_seconds ▁
wandb:                 summary/success ▁
wandb: 
wandb: Run summary:
wandb:            summary/relative_kkt 0.0
wandb: summary/relative_solution_error 0.0
wandb:         summary/runtime_seconds 7.79576
wandb:                 summary/success 1
wandb: 
wandb: You can sync this run to the cloud by running:
wandb: wandb sync /sailhome/pratikr/rlaopt-experiments/artifacts/production-20260831/wandb/offline-run-20260831_122915-51a8b23c024d5be9acea28645444bb2f
wandb: Find logs at: ./artifacts/production-20260831/wandb/offline-run-20260831_122915-51a8b23c024d5be9acea28645444bb2f/logs
CHUNK_PROGRESS chunk=1 manifest_index=79 attempted=14
RLAOPT_GIT_COMMIT=772f73321328a29689deddfceeb9a7c26ae13159
RLAOPT_GIT_DIRTY=0
RLAOPT_CUDA_IMAGE_SHA256=b54e5e682a428d9dadd7cbd906f64a8e826daf414aa81997eaa600cb84fe891e
wandb: WARNING `resume` will be ignored since W&B syncing is set to `offline`. Starting a new run with run id b9199160d82a543397acd2cd3016b90f.
wandb: Tracking run with wandb version 0.29.0
wandb: W&B syncing is set to `offline` in this directory. Run `wandb online` or set WANDB_MODE=online to enable cloud syncing.
wandb: Run data is saved locally in /sailhome/pratikr/rlaopt-experiments/artifacts/production-20260831/wandb/offline-run-20260831_123105-b9199160d82a543397acd2cd3016b90f
wandb: View this run in the terminal with `wandb leet`
wandb: 
wandb: Run history:
wandb:            summary/relative_kkt ▁
wandb: summary/relative_solution_error ▁
wandb:         summary/runtime_seconds ▁
wandb:                 summary/success ▁
wandb: 
wandb: Run summary:
wandb:            summary/relative_kkt 0.0
wandb: summary/relative_solution_error 0.0
wandb:         summary/runtime_seconds 27.19496
wandb:                 summary/success 1
wandb: 
wandb: You can sync this run to the cloud by running:
wandb: wandb sync /sailhome/pratikr/rlaopt-experiments/artifacts/production-20260831/wandb/offline-run-20260831_123105-b9199160d82a543397acd2cd3016b90f
wandb: Find logs at: ./artifacts/production-20260831/wandb/offline-run-20260831_123105-b9199160d82a543397acd2cd3016b90f/logs
wandb: WARNING `resume` will be ignored since W&B syncing is set to `offline`. Starting a new run with run id 7d7ec1be2edf5a7ea73ce95aba6d4d21.
wandb: Tracking run with wandb version 0.29.0
wandb: W&B syncing is set to `offline` in this directory. Run `wandb online` or set WANDB_MODE=online to enable cloud syncing.
wandb: Run data is saved locally in /sailhome/pratikr/rlaopt-experiments/artifacts/production-20260831/wandb/offline-run-20260831_123200-7d7ec1be2edf5a7ea73ce95aba6d4d21
wandb: View this run in the terminal with `wandb leet`
wandb: 
wandb: Run history:
wandb:            summary/relative_kkt ▁
wandb: summary/relative_solution_error ▁
wandb:         summary/runtime_seconds ▁
wandb:                 summary/success ▁
wandb: 
wandb: Run summary:
wandb:            summary/relative_kkt 0.0
wandb: summary/relative_solution_error 0.0
wandb:         summary/runtime_seconds 26.6143
wandb:                 summary/success 1
wandb: 
wandb: You can sync this run to the cloud by running:
wandb: wandb sync /sailhome/pratikr/rlaopt-experiments/artifacts/production-20260831/wandb/offline-run-20260831_123200-7d7ec1be2edf5a7ea73ce95aba6d4d21
wandb: Find logs at: ./artifacts/production-20260831/wandb/offline-run-20260831_123200-7d7ec1be2edf5a7ea73ce95aba6d4d21/logs
wandb: WARNING `resume` will be ignored since W&B syncing is set to `offline`. Starting a new run with run id 172c1c56fac3574ebe21912441859291.
wandb: Tracking run with wandb version 0.29.0
wandb: W&B syncing is set to `offline` in this directory. Run `wandb online` or set WANDB_MODE=online to enable cloud syncing.
wandb: Run data is saved locally in /sailhome/pratikr/rlaopt-experiments/artifacts/production-20260831/wandb/offline-run-20260831_123257-172c1c56fac3574ebe21912441859291
wandb: View this run in the terminal with `wandb leet`
wandb: 
wandb: Run history:
wandb:            summary/relative_kkt ▁
wandb: summary/relative_solution_error ▁
wandb:         summary/runtime_seconds ▁
wandb:                 summary/success ▁
wandb: 
wandb: Run summary:
wandb:            summary/relative_kkt 0.0
wandb: summary/relative_solution_error 0.0
wandb:         summary/runtime_seconds 27.40207
wandb:                 summary/success 1
wandb: 
wandb: You can sync this run to the cloud by running:
wandb: wandb sync /sailhome/pratikr/rlaopt-experiments/artifacts/production-20260831/wandb/offline-run-20260831_123257-172c1c56fac3574ebe21912441859291
wandb: Find logs at: ./artifacts/production-20260831/wandb/offline-run-20260831_123257-172c1c56fac3574ebe21912441859291/logs
CHUNK_PROGRESS chunk=1 manifest_index=85 attempted=15
RLAOPT_GIT_COMMIT=772f73321328a29689deddfceeb9a7c26ae13159
RLAOPT_GIT_DIRTY=0
RLAOPT_CUDA_IMAGE_SHA256=b54e5e682a428d9dadd7cbd906f64a8e826daf414aa81997eaa600cb84fe891e
wandb: WARNING `resume` will be ignored since W&B syncing is set to `offline`. Starting a new run with run id 0e7567a577415eab9dfcb55e17574fa4.
wandb: Tracking run with wandb version 0.29.0
wandb: W&B syncing is set to `offline` in this directory. Run `wandb online` or set WANDB_MODE=online to enable cloud syncing.
wandb: Run data is saved locally in /sailhome/pratikr/rlaopt-experiments/artifacts/production-20260831/wandb/offline-run-20260831_123356-0e7567a577415eab9dfcb55e17574fa4
wandb: View this run in the terminal with `wandb leet`
wandb: 
wandb: Run history:
wandb:            summary/relative_kkt ▁
wandb: summary/relative_solution_error ▁
wandb:         summary/runtime_seconds ▁
wandb:                 summary/success ▁
wandb: 
wandb: Run summary:
wandb:            summary/relative_kkt 0.0
wandb: summary/relative_solution_error 0.0
wandb:         summary/runtime_seconds 1.83595
wandb:                 summary/success 1
wandb: 
wandb: You can sync this run to the cloud by running:
wandb: wandb sync /sailhome/pratikr/rlaopt-experiments/artifacts/production-20260831/wandb/offline-run-20260831_123356-0e7567a577415eab9dfcb55e17574fa4
wandb: Find logs at: ./artifacts/production-20260831/wandb/offline-run-20260831_123356-0e7567a577415eab9dfcb55e17574fa4/logs
wandb: WARNING `resume` will be ignored since W&B syncing is set to `offline`. Starting a new run with run id 3607dfb50e2f5b018a1b3d5181c74bea.
wandb: Tracking run with wandb version 0.29.0
wandb: W&B syncing is set to `offline` in this directory. Run `wandb online` or set WANDB_MODE=online to enable cloud syncing.
wandb: Run data is saved locally in /sailhome/pratikr/rlaopt-experiments/artifacts/production-20260831/wandb/offline-run-20260831_123407-3607dfb50e2f5b018a1b3d5181c74bea
wandb: View this run in the terminal with `wandb leet`
wandb: 
wandb: Run history:
wandb:            summary/relative_kkt ▁
wandb: summary/relative_solution_error ▁
wandb:         summary/runtime_seconds ▁
wandb:                 summary/success ▁
wandb: 
wandb: Run summary:
wandb:            summary/relative_kkt 0.0
wandb: summary/relative_solution_error 0.0
wandb:         summary/runtime_seconds 8.24385
wandb:                 summary/success 1
wandb: 
wandb: You can sync this run to the cloud by running:
wandb: wandb sync /sailhome/pratikr/rlaopt-experiments/artifacts/production-20260831/wandb/offline-run-20260831_123407-3607dfb50e2f5b018a1b3d5181c74bea
wandb: Find logs at: ./artifacts/production-20260831/wandb/offline-run-20260831_123407-3607dfb50e2f5b018a1b3d5181c74bea/logs
wandb: WARNING `resume` will be ignored since W&B syncing is set to `offline`. Starting a new run with run id 8faae2ea677259488c23d9b3c2de000c.
wandb: Tracking run with wandb version 0.29.0
wandb: W&B syncing is set to `offline` in this directory. Run `wandb online` or set WANDB_MODE=online to enable cloud syncing.
wandb: Run data is saved locally in /sailhome/pratikr/rlaopt-experiments/artifacts/production-20260831/wandb/offline-run-20260831_123507-8faae2ea677259488c23d9b3c2de000c
wandb: View this run in the terminal with `wandb leet`
wandb: 
wandb: Run history:
wandb:            summary/relative_kkt ▁
wandb: summary/relative_solution_error ▁
wandb:         summary/runtime_seconds ▁
wandb:                 summary/success ▁
wandb: 
wandb: Run summary:
wandb:            summary/relative_kkt 0.0
wandb: summary/relative_solution_error 1e-05
wandb:         summary/runtime_seconds 57.28955
wandb:                 summary/success 1
wandb: 
wandb: You can sync this run to the cloud by running:
wandb: wandb sync /sailhome/pratikr/rlaopt-experiments/artifacts/production-20260831/wandb/offline-run-20260831_123507-8faae2ea677259488c23d9b3c2de000c
wandb: Find logs at: ./artifacts/production-20260831/wandb/offline-run-20260831_123507-8faae2ea677259488c23d9b3c2de000c/logs
CHUNK_PROGRESS chunk=1 manifest_index=91 attempted=16
RLAOPT_GIT_COMMIT=772f73321328a29689deddfceeb9a7c26ae13159
RLAOPT_GIT_DIRTY=0
RLAOPT_CUDA_IMAGE_SHA256=b54e5e682a428d9dadd7cbd906f64a8e826daf414aa81997eaa600cb84fe891e
wandb: WARNING `resume` will be ignored since W&B syncing is set to `offline`. Starting a new run with run id 126e224ef79456589b715c46210cc45d.
wandb: Tracking run with wandb version 0.29.0
wandb: W&B syncing is set to `offline` in this directory. Run `wandb online` or set WANDB_MODE=online to enable cloud syncing.
wandb: Run data is saved locally in /sailhome/pratikr/rlaopt-experiments/artifacts/production-20260831/wandb/offline-run-20260831_123825-126e224ef79456589b715c46210cc45d
wandb: View this run in the terminal with `wandb leet`
wandb: 
wandb: Run history:
wandb:            summary/relative_kkt ▁
wandb: summary/relative_solution_error ▁
wandb:         summary/runtime_seconds ▁
wandb:                 summary/success ▁
wandb: 
wandb: Run summary:
wandb:            summary/relative_kkt 0.0
wandb: summary/relative_solution_error 0.0
wandb:         summary/runtime_seconds 53.0055
wandb:                 summary/success 1
wandb: 
wandb: You can sync this run to the cloud by running:
wandb: wandb sync /sailhome/pratikr/rlaopt-experiments/artifacts/production-20260831/wandb/offline-run-20260831_123825-126e224ef79456589b715c46210cc45d
wandb: Find logs at: ./artifacts/production-20260831/wandb/offline-run-20260831_123825-126e224ef79456589b715c46210cc45d/logs
wandb: WARNING `resume` will be ignored since W&B syncing is set to `offline`. Starting a new run with run id 40155dd79bfa5ebf9b245eb2e87dc275.
wandb: Tracking run with wandb version 0.29.0
wandb: W&B syncing is set to `offline` in this directory. Run `wandb online` or set WANDB_MODE=online to enable cloud syncing.
wandb: Run data is saved locally in /sailhome/pratikr/rlaopt-experiments/artifacts/production-20260831/wandb/offline-run-20260831_124015-40155dd79bfa5ebf9b245eb2e87dc275
wandb: View this run in the terminal with `wandb leet`
wandb: 
wandb: Run history:
wandb:            summary/relative_kkt ▁
wandb: summary/relative_solution_error ▁
wandb:         summary/runtime_seconds ▁
wandb:                 summary/success ▁
wandb: 
wandb: Run summary:
wandb:            summary/relative_kkt 0.0
wandb: summary/relative_solution_error 0.0
wandb:         summary/runtime_seconds 53.76722
wandb:                 summary/success 1
wandb: 
wandb: You can sync this run to the cloud by running:
wandb: wandb sync /sailhome/pratikr/rlaopt-experiments/artifacts/production-20260831/wandb/offline-run-20260831_124015-40155dd79bfa5ebf9b245eb2e87dc275
wandb: Find logs at: ./artifacts/production-20260831/wandb/offline-run-20260831_124015-40155dd79bfa5ebf9b245eb2e87dc275/logs
wandb: WARNING `resume` will be ignored since W&B syncing is set to `offline`. Starting a new run with run id e85ffe048961528aa87a2ac058a84523.
wandb: Tracking run with wandb version 0.29.0
wandb: W&B syncing is set to `offline` in this directory. Run `wandb online` or set WANDB_MODE=online to enable cloud syncing.
wandb: Run data is saved locally in /sailhome/pratikr/rlaopt-experiments/artifacts/production-20260831/wandb/offline-run-20260831_124207-e85ffe048961528aa87a2ac058a84523
wandb: View this run in the terminal with `wandb leet`
wandb: 
wandb: Run history:
wandb:            summary/relative_kkt ▁
wandb: summary/relative_solution_error ▁
wandb:         summary/runtime_seconds ▁
wandb:                 summary/success ▁
wandb: 
wandb: Run summary:
wandb:            summary/relative_kkt 0.0
wandb: summary/relative_solution_error 0.0
wandb:         summary/runtime_seconds 51.79886
wandb:                 summary/success 1
wandb: 
wandb: You can sync this run to the cloud by running:
wandb: wandb sync /sailhome/pratikr/rlaopt-experiments/artifacts/production-20260831/wandb/offline-run-20260831_124207-e85ffe048961528aa87a2ac058a84523
wandb: Find logs at: ./artifacts/production-20260831/wandb/offline-run-20260831_124207-e85ffe048961528aa87a2ac058a84523/logs
CHUNK_PROGRESS chunk=1 manifest_index=97 attempted=17
RLAOPT_GIT_COMMIT=772f73321328a29689deddfceeb9a7c26ae13159
RLAOPT_GIT_DIRTY=0
RLAOPT_CUDA_IMAGE_SHA256=b54e5e682a428d9dadd7cbd906f64a8e826daf414aa81997eaa600cb84fe891e
wandb: WARNING `resume` will be ignored since W&B syncing is set to `offline`. Starting a new run with run id 6caaf930d1f0542aac18d0b51991e8a1.
wandb: Tracking run with wandb version 0.29.0
wandb: W&B syncing is set to `offline` in this directory. Run `wandb online` or set WANDB_MODE=online to enable cloud syncing.
wandb: Run data is saved locally in /sailhome/pratikr/rlaopt-experiments/artifacts/production-20260831/wandb/offline-run-20260831_124353-6caaf930d1f0542aac18d0b51991e8a1
wandb: View this run in the terminal with `wandb leet`
wandb: 
wandb: Run history:
wandb:            summary/relative_kkt ▁
wandb: summary/relative_solution_error ▁
wandb:         summary/runtime_seconds ▁
wandb:                 summary/success ▁
wandb: 
wandb: Run summary:
wandb:            summary/relative_kkt 0.0
wandb: summary/relative_solution_error 0.0
wandb:         summary/runtime_seconds 6.97396
wandb:                 summary/success 1
wandb: 
wandb: You can sync this run to the cloud by running:
wandb: wandb sync /sailhome/pratikr/rlaopt-experiments/artifacts/production-20260831/wandb/offline-run-20260831_124353-6caaf930d1f0542aac18d0b51991e8a1
wandb: Find logs at: ./artifacts/production-20260831/wandb/offline-run-20260831_124353-6caaf930d1f0542aac18d0b51991e8a1/logs
wandb: WARNING `resume` will be ignored since W&B syncing is set to `offline`. Starting a new run with run id 35b2119ea5be5771882d47c046a32fcc.
wandb: Tracking run with wandb version 0.29.0
wandb: W&B syncing is set to `offline` in this directory. Run `wandb online` or set WANDB_MODE=online to enable cloud syncing.
wandb: Run data is saved locally in /sailhome/pratikr/rlaopt-experiments/artifacts/production-20260831/wandb/offline-run-20260831_124441-35b2119ea5be5771882d47c046a32fcc
wandb: View this run in the terminal with `wandb leet`
wandb: 
wandb: Run history:
wandb:            summary/relative_kkt ▁
wandb: summary/relative_solution_error ▁
wandb:         summary/runtime_seconds ▁
wandb:                 summary/success ▁
wandb: 
wandb: Run summary:
wandb:            summary/relative_kkt 0.0
wandb: summary/relative_solution_error 0.0
wandb:         summary/runtime_seconds 43.64675
wandb:                 summary/success 1
wandb: 
wandb: You can sync this run to the cloud by running:
wandb: wandb sync /sailhome/pratikr/rlaopt-experiments/artifacts/production-20260831/wandb/offline-run-20260831_124441-35b2119ea5be5771882d47c046a32fcc
wandb: Find logs at: ./artifacts/production-20260831/wandb/offline-run-20260831_124441-35b2119ea5be5771882d47c046a32fcc/logs
wandb: WARNING `resume` will be ignored since W&B syncing is set to `offline`. Starting a new run with run id 8d3e819656ca5c4b9004ffe781a865bf.
wandb: Tracking run with wandb version 0.29.0
wandb: W&B syncing is set to `offline` in this directory. Run `wandb online` or set WANDB_MODE=online to enable cloud syncing.
wandb: Run data is saved locally in /sailhome/pratikr/rlaopt-experiments/artifacts/production-20260831/wandb/offline-run-20260831_124601-8d3e819656ca5c4b9004ffe781a865bf
wandb: View this run in the terminal with `wandb leet`
wandb: 
wandb: Run history:
wandb:            summary/relative_kkt ▁
wandb: summary/relative_solution_error ▁
wandb:         summary/runtime_seconds ▁
wandb:                 summary/success ▁
wandb: 
wandb: Run summary:
wandb:            summary/relative_kkt 0.0
wandb: summary/relative_solution_error 0.0
wandb:         summary/runtime_seconds 75.14657
wandb:                 summary/success 1
wandb: 
wandb: You can sync this run to the cloud by running:
wandb: wandb sync /sailhome/pratikr/rlaopt-experiments/artifacts/production-20260831/wandb/offline-run-20260831_124601-8d3e819656ca5c4b9004ffe781a865bf
wandb: Find logs at: ./artifacts/production-20260831/wandb/offline-run-20260831_124601-8d3e819656ca5c4b9004ffe781a865bf/logs
CHUNK_PROGRESS chunk=1 manifest_index=103 attempted=18
RLAOPT_GIT_COMMIT=772f73321328a29689deddfceeb9a7c26ae13159
RLAOPT_GIT_DIRTY=0
RLAOPT_CUDA_IMAGE_SHA256=b54e5e682a428d9dadd7cbd906f64a8e826daf414aa81997eaa600cb84fe891e
wandb: WARNING `resume` will be ignored since W&B syncing is set to `offline`. Starting a new run with run id d76abe35723355e1a2009fe8f4904c7f.
wandb: Tracking run with wandb version 0.29.0
wandb: W&B syncing is set to `offline` in this directory. Run `wandb online` or set WANDB_MODE=online to enable cloud syncing.
wandb: Run data is saved locally in /sailhome/pratikr/rlaopt-experiments/artifacts/production-20260831/wandb/offline-run-20260831_124911-d76abe35723355e1a2009fe8f4904c7f
wandb: View this run in the terminal with `wandb leet`
wandb: 
wandb: Run history:
wandb:            summary/relative_kkt ▁
wandb: summary/relative_solution_error ▁
wandb:         summary/runtime_seconds ▁
wandb:                 summary/success ▁
wandb: 
wandb: Run summary:
wandb:            summary/relative_kkt 0.0
wandb: summary/relative_solution_error 0.0
wandb:         summary/runtime_seconds 48.94745
wandb:                 summary/success 1
wandb: 
wandb: You can sync this run to the cloud by running:
wandb: wandb sync /sailhome/pratikr/rlaopt-experiments/artifacts/production-20260831/wandb/offline-run-20260831_124911-d76abe35723355e1a2009fe8f4904c7f
wandb: Find logs at: ./artifacts/production-20260831/wandb/offline-run-20260831_124911-d76abe35723355e1a2009fe8f4904c7f/logs
wandb: WARNING `resume` will be ignored since W&B syncing is set to `offline`. Starting a new run with run id 6c3639c0885b5ab5929a3a576bf3d403.
wandb: Tracking run with wandb version 0.29.0
wandb: W&B syncing is set to `offline` in this directory. Run `wandb online` or set WANDB_MODE=online to enable cloud syncing.
wandb: Run data is saved locally in /sailhome/pratikr/rlaopt-experiments/artifacts/production-20260831/wandb/offline-run-20260831_125059-6c3639c0885b5ab5929a3a576bf3d403
wandb: View this run in the terminal with `wandb leet`
wandb: 
wandb: Run history:
wandb:            summary/relative_kkt ▁
wandb: summary/relative_solution_error ▁
wandb:         summary/runtime_seconds ▁
wandb:                 summary/success ▁
wandb: 
wandb: Run summary:
wandb:            summary/relative_kkt 0.0
wandb: summary/relative_solution_error 0.0
wandb:         summary/runtime_seconds 52.34796
wandb:                 summary/success 1
wandb: 
wandb: You can sync this run to the cloud by running:
wandb: wandb sync /sailhome/pratikr/rlaopt-experiments/artifacts/production-20260831/wandb/offline-run-20260831_125059-6c3639c0885b5ab5929a3a576bf3d403
wandb: Find logs at: ./artifacts/production-20260831/wandb/offline-run-20260831_125059-6c3639c0885b5ab5929a3a576bf3d403/logs
wandb: WARNING `resume` will be ignored since W&B syncing is set to `offline`. Starting a new run with run id cbcca87147cc5b0485a71412329ac258.
wandb: Tracking run with wandb version 0.29.0
wandb: W&B syncing is set to `offline` in this directory. Run `wandb online` or set WANDB_MODE=online to enable cloud syncing.
wandb: Run data is saved locally in /sailhome/pratikr/rlaopt-experiments/artifacts/production-20260831/wandb/offline-run-20260831_125242-cbcca87147cc5b0485a71412329ac258
wandb: View this run in the terminal with `wandb leet`
wandb: 
wandb: Run history:
wandb:            summary/relative_kkt ▁
wandb: summary/relative_solution_error ▁
wandb:         summary/runtime_seconds ▁
wandb:                 summary/success ▁
wandb: 
wandb: Run summary:
wandb:            summary/relative_kkt 0.0
wandb: summary/relative_solution_error 0.0
wandb:         summary/runtime_seconds 51.19464
wandb:                 summary/success 1
wandb: 
wandb: You can sync this run to the cloud by running:
wandb: wandb sync /sailhome/pratikr/rlaopt-experiments/artifacts/production-20260831/wandb/offline-run-20260831_125242-cbcca87147cc5b0485a71412329ac258
wandb: Find logs at: ./artifacts/production-20260831/wandb/offline-run-20260831_125242-cbcca87147cc5b0485a71412329ac258/logs
CHUNK_PROGRESS chunk=1 manifest_index=109 attempted=19
RLAOPT_GIT_COMMIT=772f73321328a29689deddfceeb9a7c26ae13159
RLAOPT_GIT_DIRTY=0
RLAOPT_CUDA_IMAGE_SHA256=b54e5e682a428d9dadd7cbd906f64a8e826daf414aa81997eaa600cb84fe891e
wandb: WARNING `resume` will be ignored since W&B syncing is set to `offline`. Starting a new run with run id 6d77cdebcece5875aacb2e4c37074c4e.
wandb: Tracking run with wandb version 0.29.0
wandb: W&B syncing is set to `offline` in this directory. Run `wandb online` or set WANDB_MODE=online to enable cloud syncing.
wandb: Run data is saved locally in /sailhome/pratikr/rlaopt-experiments/artifacts/production-20260831/wandb/offline-run-20260831_125305-6d77cdebcece5875aacb2e4c37074c4e
wandb: View this run in the terminal with `wandb leet`
wandb: 
wandb: Run history:
wandb:            summary/relative_kkt ▁
wandb: summary/relative_solution_error ▁
wandb:         summary/runtime_seconds ▁
wandb:                 summary/success ▁
wandb: 
wandb: Run summary:
wandb:            summary/relative_kkt 0.0
wandb: summary/relative_solution_error 0.0
wandb:         summary/runtime_seconds 1.58264
wandb:                 summary/success 1
wandb: 
wandb: You can sync this run to the cloud by running:
wandb: wandb sync /sailhome/pratikr/rlaopt-experiments/artifacts/production-20260831/wandb/offline-run-20260831_125305-6d77cdebcece5875aacb2e4c37074c4e
wandb: Find logs at: ./artifacts/production-20260831/wandb/offline-run-20260831_125305-6d77cdebcece5875aacb2e4c37074c4e/logs
wandb: WARNING `resume` will be ignored since W&B syncing is set to `offline`. Starting a new run with run id ec61bc53b2c259a28a78fbfa39da7a32.
wandb: Tracking run with wandb version 0.29.0
wandb: W&B syncing is set to `offline` in this directory. Run `wandb online` or set WANDB_MODE=online to enable cloud syncing.
wandb: Run data is saved locally in /sailhome/pratikr/rlaopt-experiments/artifacts/production-20260831/wandb/offline-run-20260831_125308-ec61bc53b2c259a28a78fbfa39da7a32
wandb: View this run in the terminal with `wandb leet`
wandb: 
wandb: Run history:
wandb:            summary/relative_kkt ▁
wandb: summary/relative_solution_error ▁
wandb:         summary/runtime_seconds ▁
wandb:                 summary/success ▁
wandb: 
wandb: Run summary:
wandb:            summary/relative_kkt 0.0
wandb: summary/relative_solution_error 0.0
wandb:         summary/runtime_seconds 1.04037
wandb:                 summary/success 1
wandb: 
wandb: You can sync this run to the cloud by running:
wandb: wandb sync /sailhome/pratikr/rlaopt-experiments/artifacts/production-20260831/wandb/offline-run-20260831_125308-ec61bc53b2c259a28a78fbfa39da7a32
wandb: Find logs at: ./artifacts/production-20260831/wandb/offline-run-20260831_125308-ec61bc53b2c259a28a78fbfa39da7a32/logs
wandb: WARNING `resume` will be ignored since W&B syncing is set to `offline`. Starting a new run with run id d45d675f6be45b63a876f26da68a672a.
wandb: Tracking run with wandb version 0.29.0
wandb: W&B syncing is set to `offline` in this directory. Run `wandb online` or set WANDB_MODE=online to enable cloud syncing.
wandb: Run data is saved locally in /sailhome/pratikr/rlaopt-experiments/artifacts/production-20260831/wandb/offline-run-20260831_125310-d45d675f6be45b63a876f26da68a672a
wandb: View this run in the terminal with `wandb leet`
wandb: 
wandb: Run history:
wandb:            summary/relative_kkt ▁
wandb: summary/relative_solution_error ▁
wandb:         summary/runtime_seconds ▁
wandb:                 summary/success ▁
wandb: 
wandb: Run summary:
wandb:            summary/relative_kkt 0.0
wandb: summary/relative_solution_error 0.0
wandb:         summary/runtime_seconds 1.0184
wandb:                 summary/success 1
wandb: 
wandb: You can sync this run to the cloud by running:
wandb: wandb sync /sailhome/pratikr/rlaopt-experiments/artifacts/production-20260831/wandb/offline-run-20260831_125310-d45d675f6be45b63a876f26da68a672a
wandb: Find logs at: ./artifacts/production-20260831/wandb/offline-run-20260831_125310-d45d675f6be45b63a876f26da68a672a/logs
CHUNK_PROGRESS chunk=1 manifest_index=115 attempted=20
RLAOPT_GIT_COMMIT=772f73321328a29689deddfceeb9a7c26ae13159
RLAOPT_GIT_DIRTY=0
RLAOPT_CUDA_IMAGE_SHA256=b54e5e682a428d9dadd7cbd906f64a8e826daf414aa81997eaa600cb84fe891e
wandb: WARNING `resume` will be ignored since W&B syncing is set to `offline`. Starting a new run with run id 5b4f480c94ac50868760449dce459fa1.
wandb: Tracking run with wandb version 0.29.0
wandb: W&B syncing is set to `offline` in this directory. Run `wandb online` or set WANDB_MODE=online to enable cloud syncing.
wandb: Run data is saved locally in /sailhome/pratikr/rlaopt-experiments/artifacts/production-20260831/wandb/offline-run-20260831_125331-5b4f480c94ac50868760449dce459fa1
wandb: View this run in the terminal with `wandb leet`
wandb: 
wandb: Run history:
wandb:            summary/relative_kkt ▁
wandb: summary/relative_solution_error ▁
wandb:         summary/runtime_seconds ▁
wandb:                 summary/success ▁
wandb: 
wandb: Run summary:
wandb:            summary/relative_kkt 0.0
wandb: summary/relative_solution_error 0.0
wandb:         summary/runtime_seconds 0.87688
wandb:                 summary/success 1
wandb: 
wandb: You can sync this run to the cloud by running:
wandb: wandb sync /sailhome/pratikr/rlaopt-experiments/artifacts/production-20260831/wandb/offline-run-20260831_125331-5b4f480c94ac50868760449dce459fa1
wandb: Find logs at: ./artifacts/production-20260831/wandb/offline-run-20260831_125331-5b4f480c94ac50868760449dce459fa1/logs
wandb: WARNING `resume` will be ignored since W&B syncing is set to `offline`. Starting a new run with run id 17caf222859951c0b3f1f6afe79aa684.
wandb: Tracking run with wandb version 0.29.0
wandb: W&B syncing is set to `offline` in this directory. Run `wandb online` or set WANDB_MODE=online to enable cloud syncing.
wandb: Run data is saved locally in /sailhome/pratikr/rlaopt-experiments/artifacts/production-20260831/wandb/offline-run-20260831_125335-17caf222859951c0b3f1f6afe79aa684
wandb: View this run in the terminal with `wandb leet`
wandb: 
wandb: Run history:
wandb:            summary/relative_kkt ▁
wandb: summary/relative_solution_error ▁
wandb:         summary/runtime_seconds ▁
wandb:                 summary/success ▁
wandb: 
wandb: Run summary:
wandb:            summary/relative_kkt 0.0
wandb: summary/relative_solution_error 0.0
wandb:         summary/runtime_seconds 0.88111
wandb:                 summary/success 1
wandb: 
wandb: You can sync this run to the cloud by running:
wandb: wandb sync /sailhome/pratikr/rlaopt-experiments/artifacts/production-20260831/wandb/offline-run-20260831_125335-17caf222859951c0b3f1f6afe79aa684
wandb: Find logs at: ./artifacts/production-20260831/wandb/offline-run-20260831_125335-17caf222859951c0b3f1f6afe79aa684/logs
wandb: WARNING `resume` will be ignored since W&B syncing is set to `offline`. Starting a new run with run id a101616640d45d1b923f6a0426126cf6.
wandb: Tracking run with wandb version 0.29.0
wandb: W&B syncing is set to `offline` in this directory. Run `wandb online` or set WANDB_MODE=online to enable cloud syncing.
wandb: Run data is saved locally in /sailhome/pratikr/rlaopt-experiments/artifacts/production-20260831/wandb/offline-run-20260831_125337-a101616640d45d1b923f6a0426126cf6
wandb: View this run in the terminal with `wandb leet`
wandb: 
wandb: Run history:
wandb:            summary/relative_kkt ▁
wandb: summary/relative_solution_error ▁
wandb:         summary/runtime_seconds ▁
wandb:                 summary/success ▁
wandb: 
wandb: Run summary:
wandb:            summary/relative_kkt 0.0
wandb: summary/relative_solution_error 0.0
wandb:         summary/runtime_seconds 0.88672
wandb:                 summary/success 1
wandb: 
wandb: You can sync this run to the cloud by running:
wandb: wandb sync /sailhome/pratikr/rlaopt-experiments/artifacts/production-20260831/wandb/offline-run-20260831_125337-a101616640d45d1b923f6a0426126cf6
wandb: Find logs at: ./artifacts/production-20260831/wandb/offline-run-20260831_125337-a101616640d45d1b923f6a0426126cf6/logs
CHUNK_PROGRESS chunk=1 manifest_index=121 attempted=21
RLAOPT_GIT_COMMIT=772f73321328a29689deddfceeb9a7c26ae13159
RLAOPT_GIT_DIRTY=0
RLAOPT_CUDA_IMAGE_SHA256=b54e5e682a428d9dadd7cbd906f64a8e826daf414aa81997eaa600cb84fe891e
wandb: WARNING `resume` will be ignored since W&B syncing is set to `offline`. Starting a new run with run id c713fc4187605198ae52aedb4bf5a6e0.
wandb: Tracking run with wandb version 0.29.0
wandb: W&B syncing is set to `offline` in this directory. Run `wandb online` or set WANDB_MODE=online to enable cloud syncing.
wandb: Run data is saved locally in /sailhome/pratikr/rlaopt-experiments/artifacts/production-20260831/wandb/offline-run-20260831_125359-c713fc4187605198ae52aedb4bf5a6e0
wandb: View this run in the terminal with `wandb leet`
wandb: 
wandb: Run history:
wandb:            summary/relative_kkt ▁
wandb: summary/relative_solution_error ▁
wandb:         summary/runtime_seconds ▁
wandb:                 summary/success ▁
wandb: 
wandb: Run summary:
wandb:            summary/relative_kkt 0.0
wandb: summary/relative_solution_error 0.0
wandb:         summary/runtime_seconds 0.84716
wandb:                 summary/success 1
wandb: 
wandb: You can sync this run to the cloud by running:
wandb: wandb sync /sailhome/pratikr/rlaopt-experiments/artifacts/production-20260831/wandb/offline-run-20260831_125359-c713fc4187605198ae52aedb4bf5a6e0
wandb: Find logs at: ./artifacts/production-20260831/wandb/offline-run-20260831_125359-c713fc4187605198ae52aedb4bf5a6e0/logs
wandb: WARNING `resume` will be ignored since W&B syncing is set to `offline`. Starting a new run with run id fdc905ab2ae95ad0ab35c7bdf0cfafcc.
wandb: Tracking run with wandb version 0.29.0
wandb: W&B syncing is set to `offline` in this directory. Run `wandb online` or set WANDB_MODE=online to enable cloud syncing.
wandb: Run data is saved locally in /sailhome/pratikr/rlaopt-experiments/artifacts/production-20260831/wandb/offline-run-20260831_125405-fdc905ab2ae95ad0ab35c7bdf0cfafcc
wandb: View this run in the terminal with `wandb leet`
wandb: 
wandb: Run history:
wandb:            summary/relative_kkt ▁
wandb: summary/relative_solution_error ▁
wandb:         summary/runtime_seconds ▁
wandb:                 summary/success ▁
wandb: 
wandb: Run summary:
wandb:            summary/relative_kkt 0.0
wandb: summary/relative_solution_error 0.0
wandb:         summary/runtime_seconds 3.64762
wandb:                 summary/success 1
wandb: 
wandb: You can sync this run to the cloud by running:
wandb: wandb sync /sailhome/pratikr/rlaopt-experiments/artifacts/production-20260831/wandb/offline-run-20260831_125405-fdc905ab2ae95ad0ab35c7bdf0cfafcc
wandb: Find logs at: ./artifacts/production-20260831/wandb/offline-run-20260831_125405-fdc905ab2ae95ad0ab35c7bdf0cfafcc/logs
wandb: WARNING `resume` will be ignored since W&B syncing is set to `offline`. Starting a new run with run id ff52c68fae695a2f814646cab6f916df.
wandb: Tracking run with wandb version 0.29.0
wandb: W&B syncing is set to `offline` in this directory. Run `wandb online` or set WANDB_MODE=online to enable cloud syncing.
wandb: Run data is saved locally in /sailhome/pratikr/rlaopt-experiments/artifacts/production-20260831/wandb/offline-run-20260831_125418-ff52c68fae695a2f814646cab6f916df
wandb: View this run in the terminal with `wandb leet`
wandb: 
wandb: Run history:
wandb:            summary/relative_kkt ▁
wandb: summary/relative_solution_error ▁
wandb:         summary/runtime_seconds ▁
wandb:                 summary/success ▁
wandb: 
wandb: Run summary:
wandb:            summary/relative_kkt 0.0
wandb: summary/relative_solution_error 0.0
wandb:         summary/runtime_seconds 11.62568
wandb:                 summary/success 1
wandb: 
wandb: You can sync this run to the cloud by running:
wandb: wandb sync /sailhome/pratikr/rlaopt-experiments/artifacts/production-20260831/wandb/offline-run-20260831_125418-ff52c68fae695a2f814646cab6f916df
wandb: Find logs at: ./artifacts/production-20260831/wandb/offline-run-20260831_125418-ff52c68fae695a2f814646cab6f916df/logs
CHUNK_PROGRESS chunk=1 manifest_index=127 attempted=22
RLAOPT_GIT_COMMIT=772f73321328a29689deddfceeb9a7c26ae13159
RLAOPT_GIT_DIRTY=0
RLAOPT_CUDA_IMAGE_SHA256=b54e5e682a428d9dadd7cbd906f64a8e826daf414aa81997eaa600cb84fe891e
wandb: WARNING `resume` will be ignored since W&B syncing is set to `offline`. Starting a new run with run id 7ace917668215e5e88b3943a429f9589.
wandb: Tracking run with wandb version 0.29.0
wandb: W&B syncing is set to `offline` in this directory. Run `wandb online` or set WANDB_MODE=online to enable cloud syncing.
wandb: Run data is saved locally in /sailhome/pratikr/rlaopt-experiments/artifacts/production-20260831/wandb/offline-run-20260831_125504-7ace917668215e5e88b3943a429f9589
wandb: View this run in the terminal with `wandb leet`
wandb: 
wandb: Run history:
wandb:            summary/relative_kkt ▁
wandb: summary/relative_solution_error ▁
wandb:         summary/runtime_seconds ▁
wandb:                 summary/success ▁
wandb: 
wandb: Run summary:
wandb:            summary/relative_kkt 0.0
wandb: summary/relative_solution_error 0.0
wandb:         summary/runtime_seconds 6.40064
wandb:                 summary/success 1
wandb: 
wandb: You can sync this run to the cloud by running:
wandb: wandb sync /sailhome/pratikr/rlaopt-experiments/artifacts/production-20260831/wandb/offline-run-20260831_125504-7ace917668215e5e88b3943a429f9589
wandb: Find logs at: ./artifacts/production-20260831/wandb/offline-run-20260831_125504-7ace917668215e5e88b3943a429f9589/logs
wandb: WARNING `resume` will be ignored since W&B syncing is set to `offline`. Starting a new run with run id d5fd6093e5c453769b75cd358d5c3e3b.
wandb: Tracking run with wandb version 0.29.0
wandb: W&B syncing is set to `offline` in this directory. Run `wandb online` or set WANDB_MODE=online to enable cloud syncing.
wandb: Run data is saved locally in /sailhome/pratikr/rlaopt-experiments/artifacts/production-20260831/wandb/offline-run-20260831_125519-d5fd6093e5c453769b75cd358d5c3e3b
wandb: View this run in the terminal with `wandb leet`
wandb: 
wandb: Run history:
wandb:            summary/relative_kkt ▁
wandb: summary/relative_solution_error ▁
wandb:         summary/runtime_seconds ▁
wandb:                 summary/success ▁
wandb: 
wandb: Run summary:
wandb:            summary/relative_kkt 0.0
wandb: summary/relative_solution_error 0.0
wandb:         summary/runtime_seconds 6.45156
wandb:                 summary/success 1
wandb: 
wandb: You can sync this run to the cloud by running:
wandb: wandb sync /sailhome/pratikr/rlaopt-experiments/artifacts/production-20260831/wandb/offline-run-20260831_125519-d5fd6093e5c453769b75cd358d5c3e3b
wandb: Find logs at: ./artifacts/production-20260831/wandb/offline-run-20260831_125519-d5fd6093e5c453769b75cd358d5c3e3b/logs
wandb: WARNING `resume` will be ignored since W&B syncing is set to `offline`. Starting a new run with run id 4f41365014035f5b8f41d73c8d2d7250.
wandb: Tracking run with wandb version 0.29.0
wandb: W&B syncing is set to `offline` in this directory. Run `wandb online` or set WANDB_MODE=online to enable cloud syncing.
wandb: Run data is saved locally in /sailhome/pratikr/rlaopt-experiments/artifacts/production-20260831/wandb/offline-run-20260831_125532-4f41365014035f5b8f41d73c8d2d7250
wandb: View this run in the terminal with `wandb leet`
wandb: 
wandb: Run history:
wandb:            summary/relative_kkt ▁
wandb: summary/relative_solution_error ▁
wandb:         summary/runtime_seconds ▁
wandb:                 summary/success ▁
wandb: 
wandb: Run summary:
wandb:            summary/relative_kkt 0.0
wandb: summary/relative_solution_error 0.0
wandb:         summary/runtime_seconds 6.46539
wandb:                 summary/success 1
wandb: 
wandb: You can sync this run to the cloud by running:
wandb: wandb sync /sailhome/pratikr/rlaopt-experiments/artifacts/production-20260831/wandb/offline-run-20260831_125532-4f41365014035f5b8f41d73c8d2d7250
wandb: Find logs at: ./artifacts/production-20260831/wandb/offline-run-20260831_125532-4f41365014035f5b8f41d73c8d2d7250/logs
CHUNK_PROGRESS chunk=1 manifest_index=133 attempted=23
RLAOPT_GIT_COMMIT=772f73321328a29689deddfceeb9a7c26ae13159
RLAOPT_GIT_DIRTY=0
RLAOPT_CUDA_IMAGE_SHA256=b54e5e682a428d9dadd7cbd906f64a8e826daf414aa81997eaa600cb84fe891e
wandb: WARNING `resume` will be ignored since W&B syncing is set to `offline`. Starting a new run with run id d9c136602623568eb22e0baec1332c5f.
wandb: Tracking run with wandb version 0.29.0
wandb: W&B syncing is set to `offline` in this directory. Run `wandb online` or set WANDB_MODE=online to enable cloud syncing.
wandb: Run data is saved locally in /sailhome/pratikr/rlaopt-experiments/artifacts/production-20260831/wandb/offline-run-20260831_125611-d9c136602623568eb22e0baec1332c5f
wandb: View this run in the terminal with `wandb leet`
wandb: 
wandb: Run history:
wandb:            summary/relative_kkt ▁
wandb: summary/relative_solution_error ▁
wandb:         summary/runtime_seconds ▁
wandb:                 summary/success ▁
wandb: 
wandb: Run summary:
wandb:            summary/relative_kkt 0.0
wandb: summary/relative_solution_error 0.0
wandb:         summary/runtime_seconds 2.78197
wandb:                 summary/success 1
wandb: 
wandb: You can sync this run to the cloud by running:
wandb: wandb sync /sailhome/pratikr/rlaopt-experiments/artifacts/production-20260831/wandb/offline-run-20260831_125611-d9c136602623568eb22e0baec1332c5f
wandb: Find logs at: ./artifacts/production-20260831/wandb/offline-run-20260831_125611-d9c136602623568eb22e0baec1332c5f/logs
wandb: WARNING `resume` will be ignored since W&B syncing is set to `offline`. Starting a new run with run id 93ce50048a9c58ed8d3d14bd169025ea.
wandb: Tracking run with wandb version 0.29.0
wandb: W&B syncing is set to `offline` in this directory. Run `wandb online` or set WANDB_MODE=online to enable cloud syncing.
wandb: Run data is saved locally in /sailhome/pratikr/rlaopt-experiments/artifacts/production-20260831/wandb/offline-run-20260831_125626-93ce50048a9c58ed8d3d14bd169025ea
wandb: View this run in the terminal with `wandb leet`
wandb: 
wandb: Run history:
wandb:            summary/relative_kkt ▁
wandb: summary/relative_solution_error ▁
wandb:         summary/runtime_seconds ▁
wandb:                 summary/success ▁
wandb: 
wandb: Run summary:
wandb:            summary/relative_kkt 0.0
wandb: summary/relative_solution_error 0.0
wandb:         summary/runtime_seconds 12.35418
wandb:                 summary/success 1
wandb: 
wandb: You can sync this run to the cloud by running:
wandb: wandb sync /sailhome/pratikr/rlaopt-experiments/artifacts/production-20260831/wandb/offline-run-20260831_125626-93ce50048a9c58ed8d3d14bd169025ea
wandb: Find logs at: ./artifacts/production-20260831/wandb/offline-run-20260831_125626-93ce50048a9c58ed8d3d14bd169025ea/logs
wandb: WARNING `resume` will be ignored since W&B syncing is set to `offline`. Starting a new run with run id 53ea45c53be551f4b5ecc997742d6f00.
wandb: Tracking run with wandb version 0.29.0
wandb: W&B syncing is set to `offline` in this directory. Run `wandb online` or set WANDB_MODE=online to enable cloud syncing.
wandb: Run data is saved locally in /sailhome/pratikr/rlaopt-experiments/artifacts/production-20260831/wandb/offline-run-20260831_125643-53ea45c53be551f4b5ecc997742d6f00
wandb: View this run in the terminal with `wandb leet`
wandb: 
wandb: Run history:
wandb:            summary/relative_kkt ▁
wandb: summary/relative_solution_error ▁
wandb:         summary/runtime_seconds ▁
wandb:                 summary/success ▁
wandb: 
wandb: Run summary:
wandb:            summary/relative_kkt 0.0
wandb: summary/relative_solution_error 0.0
wandb:         summary/runtime_seconds 14.52456
wandb:                 summary/success 1
wandb: 
wandb: You can sync this run to the cloud by running:
wandb: wandb sync /sailhome/pratikr/rlaopt-experiments/artifacts/production-20260831/wandb/offline-run-20260831_125643-53ea45c53be551f4b5ecc997742d6f00
wandb: Find logs at: ./artifacts/production-20260831/wandb/offline-run-20260831_125643-53ea45c53be551f4b5ecc997742d6f00/logs
CHUNK_PROGRESS chunk=1 manifest_index=139 attempted=24
RLAOPT_GIT_COMMIT=772f73321328a29689deddfceeb9a7c26ae13159
RLAOPT_GIT_DIRTY=0
RLAOPT_CUDA_IMAGE_SHA256=b54e5e682a428d9dadd7cbd906f64a8e826daf414aa81997eaa600cb84fe891e
wandb: WARNING `resume` will be ignored since W&B syncing is set to `offline`. Starting a new run with run id da691486df6054d38772e3bce1c17127.
wandb: Tracking run with wandb version 0.29.0
wandb: W&B syncing is set to `offline` in this directory. Run `wandb online` or set WANDB_MODE=online to enable cloud syncing.
wandb: Run data is saved locally in /sailhome/pratikr/rlaopt-experiments/artifacts/production-20260831/wandb/offline-run-20260831_125728-da691486df6054d38772e3bce1c17127
wandb: View this run in the terminal with `wandb leet`
wandb: 
wandb: Run history:
wandb:            summary/relative_kkt ▁
wandb: summary/relative_solution_error ▁
wandb:         summary/runtime_seconds ▁
wandb:                 summary/success ▁
wandb: 
wandb: Run summary:
wandb:            summary/relative_kkt 0.0
wandb: summary/relative_solution_error 0.0
wandb:         summary/runtime_seconds 5.27724
wandb:                 summary/success 1
wandb: 
wandb: You can sync this run to the cloud by running:
wandb: wandb sync /sailhome/pratikr/rlaopt-experiments/artifacts/production-20260831/wandb/offline-run-20260831_125728-da691486df6054d38772e3bce1c17127
wandb: Find logs at: ./artifacts/production-20260831/wandb/offline-run-20260831_125728-da691486df6054d38772e3bce1c17127/logs
wandb: WARNING `resume` will be ignored since W&B syncing is set to `offline`. Starting a new run with run id b034c9cd395f5f3cb1135bd5bbfb06d8.
wandb: Tracking run with wandb version 0.29.0
wandb: W&B syncing is set to `offline` in this directory. Run `wandb online` or set WANDB_MODE=online to enable cloud syncing.
wandb: Run data is saved locally in /sailhome/pratikr/rlaopt-experiments/artifacts/production-20260831/wandb/offline-run-20260831_125740-b034c9cd395f5f3cb1135bd5bbfb06d8
wandb: View this run in the terminal with `wandb leet`
wandb: 
wandb: Run history:
wandb:            summary/relative_kkt ▁
wandb: summary/relative_solution_error ▁
wandb:         summary/runtime_seconds ▁
wandb:                 summary/success ▁
wandb: 
wandb: Run summary:
wandb:            summary/relative_kkt 0.0
wandb: summary/relative_solution_error 0.0
wandb:         summary/runtime_seconds 5.32468
wandb:                 summary/success 1
wandb: 
wandb: You can sync this run to the cloud by running:
wandb: wandb sync /sailhome/pratikr/rlaopt-experiments/artifacts/production-20260831/wandb/offline-run-20260831_125740-b034c9cd395f5f3cb1135bd5bbfb06d8
wandb: Find logs at: ./artifacts/production-20260831/wandb/offline-run-20260831_125740-b034c9cd395f5f3cb1135bd5bbfb06d8/logs
wandb: WARNING `resume` will be ignored since W&B syncing is set to `offline`. Starting a new run with run id d71ebd200f665bc6854465a055b9b431.
wandb: Tracking run with wandb version 0.29.0
wandb: W&B syncing is set to `offline` in this directory. Run `wandb online` or set WANDB_MODE=online to enable cloud syncing.
wandb: Run data is saved locally in /sailhome/pratikr/rlaopt-experiments/artifacts/production-20260831/wandb/offline-run-20260831_125751-d71ebd200f665bc6854465a055b9b431
wandb: View this run in the terminal with `wandb leet`
wandb: 
wandb: Run history:
wandb:            summary/relative_kkt ▁
wandb: summary/relative_solution_error ▁
wandb:         summary/runtime_seconds ▁
wandb:                 summary/success ▁
wandb: 
wandb: Run summary:
wandb:            summary/relative_kkt 0.0
wandb: summary/relative_solution_error 0.0
wandb:         summary/runtime_seconds 4.84654
wandb:                 summary/success 1
wandb: 
wandb: You can sync this run to the cloud by running:
wandb: wandb sync /sailhome/pratikr/rlaopt-experiments/artifacts/production-20260831/wandb/offline-run-20260831_125751-d71ebd200f665bc6854465a055b9b431
wandb: Find logs at: ./artifacts/production-20260831/wandb/offline-run-20260831_125751-d71ebd200f665bc6854465a055b9b431/logs
CHUNK_SUMMARY chunk=1 attempted=24 failures=2
[2026-08-31T12:57:54.261] error: Detected 2 oom_kill events in StepId=17153830.batch. Some of the step tasks have been OOM Killed.
