BATCH_PROGRESS batch=2 manifest_index=0 total=6
RLAOPT_GIT_COMMIT=c707e4e776eb7b138a32a3a97a0c63b6b43ba8ae
RLAOPT_GIT_DIRTY=0
RLAOPT_CUDA_IMAGE_SHA256=6b5865888efafd5ce02cbbb41bcfc37097abb77529a170b9650c9e1c2cdaf793
wandb: WARNING `resume` will be ignored since W&B syncing is set to `offline`. Starting a new run with run id ae60a491508c56ea9d40dc9a15eb42b3.
wandb: Tracking run with wandb version 0.29.0
wandb: W&B syncing is set to `offline` in this directory. Run `wandb online` or set WANDB_MODE=online to enable cloud syncing.
wandb: Run data is saved locally in /sailhome/pratikr/rlaopt-experiments/artifacts/real-erm-production-20260905/results/wandb/offline-run-20260905_084448-ae60a491508c56ea9d40dc9a15eb42b3
wandb: View this run in the terminal with `wandb leet`
wandb: 
wandb: Run history:
wandb:       summary/external_success ▁
wandb:            summary/feasibility ▁
wandb:         summary/native_success ▁
wandb:              summary/objective ▁
wandb:       summary/runtime_eligible ▁
wandb:    summary/runtime_max_seconds ▁
wandb: summary/runtime_median_seconds ▁
wandb:    summary/runtime_min_seconds ▁
wandb:        summary/runtime_seconds ▁
wandb:           summary/stationarity ▁
wandb: 
wandb: Run summary:
wandb:       summary/external_success 1
wandb:            summary/feasibility 0.0
wandb:         summary/native_success 1
wandb:              summary/objective 0.19931
wandb:       summary/runtime_eligible 1
wandb:    summary/runtime_max_seconds 1469.70673
wandb: summary/runtime_median_seconds 1469.70673
wandb:    summary/runtime_min_seconds 1469.70673
wandb:        summary/runtime_seconds 1469.70673
wandb:           summary/stationarity 0.0
wandb: 
wandb: You can sync this run to the cloud by running:
wandb: wandb sync /sailhome/pratikr/rlaopt-experiments/artifacts/real-erm-production-20260905/results/wandb/offline-run-20260905_084448-ae60a491508c56ea9d40dc9a15eb42b3
wandb: Find logs at: ./artifacts/real-erm-production-20260905/results/wandb/offline-run-20260905_084448-ae60a491508c56ea9d40dc9a15eb42b3/logs
BATCH_PROGRESS batch=2 manifest_index=1 total=6
RLAOPT_GIT_COMMIT=c707e4e776eb7b138a32a3a97a0c63b6b43ba8ae
RLAOPT_GIT_DIRTY=0
RLAOPT_CUDA_IMAGE_SHA256=6b5865888efafd5ce02cbbb41bcfc37097abb77529a170b9650c9e1c2cdaf793
/opt/rlaopt-experiments/.venv/lib/python3.12/site-packages/rlaopt/linalg/preconditioners/nystrom.py:144: UserWarning: Reached maximum rank 50 before achieving desired error tolerance 0.01.
  warn(
wandb: WARNING `resume` will be ignored since W&B syncing is set to `offline`. Starting a new run with run id f6c8bd26535454fdbd608d3a68ca0b49.
wandb: Tracking run with wandb version 0.29.0
wandb: W&B syncing is set to `offline` in this directory. Run `wandb online` or set WANDB_MODE=online to enable cloud syncing.
wandb: Run data is saved locally in /sailhome/pratikr/rlaopt-experiments/artifacts/real-erm-production-20260905/results/wandb/offline-run-20260905_094519-f6c8bd26535454fdbd608d3a68ca0b49
wandb: View this run in the terminal with `wandb leet`
wandb: 
wandb: Run history:
wandb:       summary/external_success ▁
wandb:         summary/native_success ▁
wandb:       summary/runtime_eligible ▁
wandb:    summary/runtime_max_seconds ▁
wandb: summary/runtime_median_seconds ▁
wandb:    summary/runtime_min_seconds ▁
wandb:        summary/runtime_seconds ▁
wandb: 
wandb: Run summary:
wandb:       summary/external_success 0
wandb:         summary/native_success 0
wandb:       summary/runtime_eligible 0
wandb:    summary/runtime_max_seconds 3600
wandb: summary/runtime_median_seconds 3600
wandb:    summary/runtime_min_seconds 3600
wandb:        summary/runtime_seconds 3600
wandb: 
wandb: You can sync this run to the cloud by running:
wandb: wandb sync /sailhome/pratikr/rlaopt-experiments/artifacts/real-erm-production-20260905/results/wandb/offline-run-20260905_094519-f6c8bd26535454fdbd608d3a68ca0b49
wandb: Find logs at: ./artifacts/real-erm-production-20260905/results/wandb/offline-run-20260905_094519-f6c8bd26535454fdbd608d3a68ca0b49/logs
BATCH_PROGRESS batch=2 manifest_index=2 total=6
RLAOPT_GIT_COMMIT=c707e4e776eb7b138a32a3a97a0c63b6b43ba8ae
RLAOPT_GIT_DIRTY=0
RLAOPT_CUDA_IMAGE_SHA256=6b5865888efafd5ce02cbbb41bcfc37097abb77529a170b9650c9e1c2cdaf793
wandb: WARNING `resume` will be ignored since W&B syncing is set to `offline`. Starting a new run with run id 85db47db5fcc5985abebd7bead2434b0.
wandb: Tracking run with wandb version 0.29.0
wandb: W&B syncing is set to `offline` in this directory. Run `wandb online` or set WANDB_MODE=online to enable cloud syncing.
wandb: Run data is saved locally in /sailhome/pratikr/rlaopt-experiments/artifacts/real-erm-production-20260905/results/wandb/offline-run-20260905_104606-85db47db5fcc5985abebd7bead2434b0
wandb: View this run in the terminal with `wandb leet`
wandb: 
wandb: Run history:
wandb:       summary/external_success ▁
wandb:         summary/native_success ▁
wandb:       summary/runtime_eligible ▁
wandb:    summary/runtime_max_seconds ▁
wandb: summary/runtime_median_seconds ▁
wandb:    summary/runtime_min_seconds ▁
wandb:        summary/runtime_seconds ▁
wandb: 
wandb: Run summary:
wandb:       summary/external_success 0
wandb:         summary/native_success 0
wandb:       summary/runtime_eligible 0
wandb:    summary/runtime_max_seconds 3600
wandb: summary/runtime_median_seconds 3600
wandb:    summary/runtime_min_seconds 3600
wandb:        summary/runtime_seconds 3600
wandb: 
wandb: You can sync this run to the cloud by running:
wandb: wandb sync /sailhome/pratikr/rlaopt-experiments/artifacts/real-erm-production-20260905/results/wandb/offline-run-20260905_104606-85db47db5fcc5985abebd7bead2434b0
wandb: Find logs at: ./artifacts/real-erm-production-20260905/results/wandb/offline-run-20260905_104606-85db47db5fcc5985abebd7bead2434b0/logs
BATCH_PROGRESS batch=2 manifest_index=3 total=6
RLAOPT_GIT_COMMIT=c707e4e776eb7b138a32a3a97a0c63b6b43ba8ae
RLAOPT_GIT_DIRTY=0
RLAOPT_CUDA_IMAGE_SHA256=6b5865888efafd5ce02cbbb41bcfc37097abb77529a170b9650c9e1c2cdaf793
Traceback (most recent call last):
  File "/opt/rlaopt-experiments/src/rlaopt_experiments/suites/erm_execution.py", line 71, in run_repetitions
    first = worker.solve(command, config.timeout_seconds)
            ^^^^^^^^^^^^^^^^^^^^^^^^^^^^^^^^^^^^^^^^^^^^^
  File "/opt/rlaopt-experiments/src/rlaopt_experiments/isolation.py", line 142, in solve
    return self._connection.recv()
           ^^^^^^^^^^^^^^^^^^^^^^^
  File "/usr/lib/python3.12/multiprocessing/connection.py", line 250, in recv
    buf = self._recv_bytes()
          ^^^^^^^^^^^^^^^^^^
  File "/usr/lib/python3.12/multiprocessing/connection.py", line 430, in _recv_bytes
    buf = self._recv(4)
          ^^^^^^^^^^^^^
  File "/usr/lib/python3.12/multiprocessing/connection.py", line 399, in _recv
    raise EOFError
EOFError

During handling of the above exception, another exception occurred:

Traceback (most recent call last):
  File "/opt/rlaopt-experiments/.venv/bin/rlaopt-bench", line 10, in <module>
    sys.exit(main())
             ^^^^^^
  File "/opt/rlaopt-experiments/src/rlaopt_experiments/cli.py", line 102, in main
    run_manifest_job(job, args.config, args.output)
  File "/opt/rlaopt-experiments/src/rlaopt_experiments/execution.py", line 89, in run_manifest_job
    return runners[problem_type](job, config, **execution_kwargs)
           ^^^^^^^^^^^^^^^^^^^^^^^^^^^^^^^^^^^^^^^^^^^^^^^^^^^^^^
  File "/opt/rlaopt-experiments/src/rlaopt_experiments/suites/real_erm/execution.py", line 280, in run_real_bounded_elastic_net_job
    return _run_job(
           ^^^^^^^^^
  File "/opt/rlaopt-experiments/src/rlaopt_experiments/suites/real_erm/execution.py", line 211, in _run_job
    return run_repetitions(
           ^^^^^^^^^^^^^^^^
  File "/opt/rlaopt-experiments/src/rlaopt_experiments/suites/erm_execution.py", line 91, in run_repetitions
    worker.close()
  File "/opt/rlaopt-experiments/src/rlaopt_experiments/isolation.py", line 156, in close
    self._connection.send({"kind": "stop"})
  File "/usr/lib/python3.12/multiprocessing/connection.py", line 206, in send
    self._send_bytes(_ForkingPickler.dumps(obj))
  File "/usr/lib/python3.12/multiprocessing/connection.py", line 427, in _send_bytes
    self._send(header + buf)
  File "/usr/lib/python3.12/multiprocessing/connection.py", line 384, in _send
    n = write(self._handle, buf)
        ^^^^^^^^^^^^^^^^^^^^^^^^
BrokenPipeError: [Errno 32] Broken pipe
BATCH_FAILURE batch=2 manifest_index=3 status=1
BATCH_PROGRESS batch=2 manifest_index=4 total=6
RLAOPT_GIT_COMMIT=c707e4e776eb7b138a32a3a97a0c63b6b43ba8ae
RLAOPT_GIT_DIRTY=0
RLAOPT_CUDA_IMAGE_SHA256=6b5865888efafd5ce02cbbb41bcfc37097abb77529a170b9650c9e1c2cdaf793
/opt/rlaopt-experiments/.venv/lib/python3.12/site-packages/rlaopt/linalg/preconditioners/nystrom.py:144: UserWarning: Reached maximum rank 50 before achieving desired error tolerance 0.01.
  warn(
wandb: WARNING `resume` will be ignored since W&B syncing is set to `offline`. Starting a new run with run id 9fb96649a0ff5e5db98bccdbfbfd743e.
wandb: Tracking run with wandb version 0.29.0
wandb: W&B syncing is set to `offline` in this directory. Run `wandb online` or set WANDB_MODE=online to enable cloud syncing.
wandb: Run data is saved locally in /sailhome/pratikr/rlaopt-experiments/artifacts/real-erm-production-20260905/results/wandb/offline-run-20260905_115015-9fb96649a0ff5e5db98bccdbfbfd743e
wandb: View this run in the terminal with `wandb leet`
wandb: 
wandb: Run history:
wandb:       summary/external_success ▁
wandb:         summary/native_success ▁
wandb:       summary/runtime_eligible ▁
wandb:    summary/runtime_max_seconds ▁
wandb: summary/runtime_median_seconds ▁
wandb:    summary/runtime_min_seconds ▁
wandb:        summary/runtime_seconds ▁
wandb: 
wandb: Run summary:
wandb:       summary/external_success 0
wandb:         summary/native_success 0
wandb:       summary/runtime_eligible 0
wandb:    summary/runtime_max_seconds 3600
wandb: summary/runtime_median_seconds 3600
wandb:    summary/runtime_min_seconds 3600
wandb:        summary/runtime_seconds 3600
wandb: 
wandb: You can sync this run to the cloud by running:
wandb: wandb sync /sailhome/pratikr/rlaopt-experiments/artifacts/real-erm-production-20260905/results/wandb/offline-run-20260905_115015-9fb96649a0ff5e5db98bccdbfbfd743e
wandb: Find logs at: ./artifacts/real-erm-production-20260905/results/wandb/offline-run-20260905_115015-9fb96649a0ff5e5db98bccdbfbfd743e/logs
BATCH_PROGRESS batch=2 manifest_index=5 total=6
RLAOPT_GIT_COMMIT=c707e4e776eb7b138a32a3a97a0c63b6b43ba8ae
RLAOPT_GIT_DIRTY=0
RLAOPT_CUDA_IMAGE_SHA256=6b5865888efafd5ce02cbbb41bcfc37097abb77529a170b9650c9e1c2cdaf793
wandb: WARNING `resume` will be ignored since W&B syncing is set to `offline`. Starting a new run with run id c5e10baf5c1f5297935c922a6eaafc11.
wandb: Tracking run with wandb version 0.29.0
wandb: W&B syncing is set to `offline` in this directory. Run `wandb online` or set WANDB_MODE=online to enable cloud syncing.
wandb: Run data is saved locally in /sailhome/pratikr/rlaopt-experiments/artifacts/real-erm-production-20260905/results/wandb/offline-run-20260905_125105-c5e10baf5c1f5297935c922a6eaafc11
wandb: View this run in the terminal with `wandb leet`
wandb: 
wandb: Run history:
wandb:       summary/external_success ▁
wandb:         summary/native_success ▁
wandb:       summary/runtime_eligible ▁
wandb:    summary/runtime_max_seconds ▁
wandb: summary/runtime_median_seconds ▁
wandb:    summary/runtime_min_seconds ▁
wandb:        summary/runtime_seconds ▁
wandb: 
wandb: Run summary:
wandb:       summary/external_success 0
wandb:         summary/native_success 0
wandb:       summary/runtime_eligible 0
wandb:    summary/runtime_max_seconds 3600
wandb: summary/runtime_median_seconds 3600
wandb:    summary/runtime_min_seconds 3600
wandb:        summary/runtime_seconds 3600
wandb: 
wandb: You can sync this run to the cloud by running:
wandb: wandb sync /sailhome/pratikr/rlaopt-experiments/artifacts/real-erm-production-20260905/results/wandb/offline-run-20260905_125105-c5e10baf5c1f5297935c922a6eaafc11
wandb: Find logs at: ./artifacts/real-erm-production-20260905/results/wandb/offline-run-20260905_125105-c5e10baf5c1f5297935c922a6eaafc11/logs
BATCH_SUMMARY batch=2 attempted=6 failures=1
